Archive member included to satisfy reference by file (symbol)

C:/ST/STM32CubeIDE_2.2.0/STM32CubeIDE/plugins/com.st.stm32cube.ide.mcu.externaltools.gnu-tools-for-stm32.14.3.rel1.win32_1.0.100.202602081740/tools/bin/../lib/gcc/arm-none-eabi/14.3.1/../../../../arm-none-eabi/lib/thumb/v7e-m+fp/hard\libc_nano.a(libc_a-exit.o)
                              C:/ST/STM32CubeIDE_2.2.0/STM32CubeIDE/plugins/com.st.stm32cube.ide.mcu.externaltools.gnu-tools-for-stm32.14.3.rel1.win32_1.0.100.202602081740/tools/bin/../lib/gcc/arm-none-eabi/14.3.1/../../../../arm-none-eabi/lib/thumb/v7e-m+fp/hard/crt0.o (exit)
C:/ST/STM32CubeIDE_2.2.0/STM32CubeIDE/plugins/com.st.stm32cube.ide.mcu.externaltools.gnu-tools-for-stm32.14.3.rel1.win32_1.0.100.202602081740/tools/bin/../lib/gcc/arm-none-eabi/14.3.1/../../../../arm-none-eabi/lib/thumb/v7e-m+fp/hard\libc_nano.a(libc_a-strtol.o)
                              ./Core/Src/command_service.o (strtol)
C:/ST/STM32CubeIDE_2.2.0/STM32CubeIDE/plugins/com.st.stm32cube.ide.mcu.externaltools.gnu-tools-for-stm32.14.3.rel1.win32_1.0.100.202602081740/tools/bin/../lib/gcc/arm-none-eabi/14.3.1/../../../../arm-none-eabi/lib/thumb/v7e-m+fp/hard\libc_nano.a(libc_a-strtoul.o)
                              ./Core/Src/command_service.o (strtoul)
C:/ST/STM32CubeIDE_2.2.0/STM32CubeIDE/plugins/com.st.stm32cube.ide.mcu.externaltools.gnu-tools-for-stm32.14.3.rel1.win32_1.0.100.202602081740/tools/bin/../lib/gcc/arm-none-eabi/14.3.1/../../../../arm-none-eabi/lib/thumb/v7e-m+fp/hard\libc_nano.a(libc_a-ctype_.o)
                              C:/ST/STM32CubeIDE_2.2.0/STM32CubeIDE/plugins/com.st.stm32cube.ide.mcu.externaltools.gnu-tools-for-stm32.14.3.rel1.win32_1.0.100.202602081740/tools/bin/../lib/gcc/arm-none-eabi/14.3.1/../../../../arm-none-eabi/lib/thumb/v7e-m+fp/hard\libc_nano.a(libc_a-strtol.o) (_ctype_)
C:/ST/STM32CubeIDE_2.2.0/STM32CubeIDE/plugins/com.st.stm32cube.ide.mcu.externaltools.gnu-tools-for-stm32.14.3.rel1.win32_1.0.100.202602081740/tools/bin/../lib/gcc/arm-none-eabi/14.3.1/../../../../arm-none-eabi/lib/thumb/v7e-m+fp/hard\libc_nano.a(libc_a-nano-vfprintf_float.o)
                              (_printf_float)
C:/ST/STM32CubeIDE_2.2.0/STM32CubeIDE/plugins/com.st.stm32cube.ide.mcu.externaltools.gnu-tools-for-stm32.14.3.rel1.win32_1.0.100.202602081740/tools/bin/../lib/gcc/arm-none-eabi/14.3.1/../../../../arm-none-eabi/lib/thumb/v7e-m+fp/hard\libc_nano.a(libc_a-nano-vfprintf_i.o)
                              C:/ST/STM32CubeIDE_2.2.0/STM32CubeIDE/plugins/com.st.stm32cube.ide.mcu.externaltools.gnu-tools-for-stm32.14.3.rel1.win32_1.0.100.202602081740/tools/bin/../lib/gcc/arm-none-eabi/14.3.1/../../../../arm-none-eabi/lib/thumb/v7e-m+fp/hard\libc_nano.a(libc_a-nano-vfprintf_float.o) (_printf_common)
C:/ST/STM32CubeIDE_2.2.0/STM32CubeIDE/plugins/com.st.stm32cube.ide.mcu.externaltools.gnu-tools-for-stm32.14.3.rel1.win32_1.0.100.202602081740/tools/bin/../lib/gcc/arm-none-eabi/14.3.1/../../../../arm-none-eabi/lib/thumb/v7e-m+fp/hard\libc_nano.a(libc_a-findfp.o)
                              C:/ST/STM32CubeIDE_2.2.0/STM32CubeIDE/plugins/com.st.stm32cube.ide.mcu.externaltools.gnu-tools-for-stm32.14.3.rel1.win32_1.0.100.202602081740/tools/bin/../lib/gcc/arm-none-eabi/14.3.1/../../../../arm-none-eabi/lib/thumb/v7e-m+fp/hard\libc_nano.a(libc_a-exit.o) (__stdio_exit_handler)
C:/ST/STM32CubeIDE_2.2.0/STM32CubeIDE/plugins/com.st.stm32cube.ide.mcu.externaltools.gnu-tools-for-stm32.14.3.rel1.win32_1.0.100.202602081740/tools/bin/../lib/gcc/arm-none-eabi/14.3.1/../../../../arm-none-eabi/lib/thumb/v7e-m+fp/hard\libc_nano.a(libc_a-fwalk.o)
                              C:/ST/STM32CubeIDE_2.2.0/STM32CubeIDE/plugins/com.st.stm32cube.ide.mcu.externaltools.gnu-tools-for-stm32.14.3.rel1.win32_1.0.100.202602081740/tools/bin/../lib/gcc/arm-none-eabi/14.3.1/../../../../arm-none-eabi/lib/thumb/v7e-m+fp/hard\libc_nano.a(libc_a-findfp.o) (_fwalk_sglue)
C:/ST/STM32CubeIDE_2.2.0/STM32CubeIDE/plugins/com.st.stm32cube.ide.mcu.externaltools.gnu-tools-for-stm32.14.3.rel1.win32_1.0.100.202602081740/tools/bin/../lib/gcc/arm-none-eabi/14.3.1/../../../../arm-none-eabi/lib/thumb/v7e-m+fp/hard\libc_nano.a(libc_a-printf.o)
                              ./Core/Src/main.o (printf)
C:/ST/STM32CubeIDE_2.2.0/STM32CubeIDE/plugins/com.st.stm32cube.ide.mcu.externaltools.gnu-tools-for-stm32.14.3.rel1.win32_1.0.100.202602081740/tools/bin/../lib/gcc/arm-none-eabi/14.3.1/../../../../arm-none-eabi/lib/thumb/v7e-m+fp/hard\libc_nano.a(libc_a-puts.o)
                              ./Core/Src/main.o (puts)
C:/ST/STM32CubeIDE_2.2.0/STM32CubeIDE/plugins/com.st.stm32cube.ide.mcu.externaltools.gnu-tools-for-stm32.14.3.rel1.win32_1.0.100.202602081740/tools/bin/../lib/gcc/arm-none-eabi/14.3.1/../../../../arm-none-eabi/lib/thumb/v7e-m+fp/hard\libc_nano.a(libc_a-stdio.o)
[...]
Memory Configuration

Name             Origin             Length             Attributes
RAM              0x20000000         0x00020000         xrw
FLASH            0x08000000         0x00080000         xr
*default*        0x00000000         0xffffffff

Linker script and memory map

LOAD C:/ST/STM32CubeIDE_2.2.0/STM32CubeIDE/plugins/com.st.stm32cube.ide.mcu.externaltools.gnu-tools-for-stm32.14.3.rel1.win32_1.0.100.202602081740/tools/bin/../lib/gcc/arm-none-eabi/14.3.1/thumb/v7e-m+fp/hard/crti.o
LOAD C:/ST/STM32CubeIDE_2.2.0/STM32CubeIDE/plugins/com.st.stm32cube.ide.mcu.externaltools.gnu-tools-for-stm32.14.3.rel1.win32_1.0.100.202602081740/tools/bin/../lib/gcc/arm-none-eabi/14.3.1/thumb/v7e-m+fp/hard/crtbegin.o
LOAD C:/ST/STM32CubeIDE_2.2.0/STM32CubeIDE/plugins/com.st.stm32cube.ide.mcu.externaltools.gnu-tools-for-stm32.14.3.rel1.win32_1.0.100.202602081740/tools/bin/../lib/gcc/arm-none-eabi/14.3.1/../../../../arm-none-eabi/lib/thumb/v7e-m+fp/hard/crt0.o
LOAD ./Core/Src/alarm_service.o
LOAD ./Core/Src/app.o
LOAD ./Core/Src/command_service.o
LOAD ./Core/Src/freertos.o
LOAD ./Core/Src/health_service.o
LOAD ./Core/Src/main.o
LOAD ./Core/Src/sensor_service.o
LOAD ./Core/Src/stm32f4xx_hal_msp.o
LOAD ./Core/Src/stm32f4xx_hal_timebase_tim.o
LOAD ./Core/Src/stm32f4xx_it.o
LOAD ./Core/Src/storage_service.o
LOAD ./Core/Src/syscalls.o
LOAD ./Core/Src/sysmem.o
LOAD ./Core/Src/system_stm32f4xx.o
LOAD ./Core/Src/uart_service.o
LOAD ./Core/Startup/startup_stm32f446retx.o
LOAD ./Drivers/BSP/STM32F4xx-Nucleo/stm32f4xx_nucleo.o
LOAD ./Drivers/FloraNet/Src/bh1750.o
LOAD ./Drivers/FloraNet/Src/sht3x.o
LOAD ./Drivers/FloraNet/Src/soil_moisture.o
LOAD ./Drivers/FloraNet/Src/w25qxx.o
LOAD ./Drivers/STM32F4xx_HAL_Driver/Src/stm32f4xx_hal.o
LOAD ./Drivers/STM32F4xx_HAL_Driver/Src/stm32f4xx_hal_adc.o
LOAD ./Drivers/STM32F4xx_HAL_Driver/Src/stm32f4xx_hal_adc_ex.o
LOAD ./Drivers/STM32F4xx_HAL_Driver/Src/stm32f4xx_hal_cortex.o
LOAD ./Drivers/STM32F4xx_HAL_Driver/Src/stm32f4xx_hal_dma.o
LOAD ./Drivers/STM32F4xx_HAL_Driver/Src/stm32f4xx_hal_dma_ex.o
LOAD ./Drivers/STM32F4xx_HAL_Driver/Src/stm32f4xx_hal_exti.o
LOAD ./Drivers/STM32F4xx_HAL_Driver/Src/stm32f4xx_hal_flash.o
LOAD ./Drivers/STM32F4xx_HAL_Driver/Src/stm32f4xx_hal_flash_ex.o
LOAD ./Drivers/STM32F4xx_HAL_Driver/Src/stm32f4xx_hal_flash_ramfunc.o
LOAD ./Drivers/STM32F4xx_HAL_Driver/Src/stm32f4xx_hal_gpio.o
LOAD ./Drivers/STM32F4xx_HAL_Driver/Src/stm32f4xx_hal_i2c.o
LOAD ./Drivers/STM32F4xx_HAL_Driver/Src/stm32f4xx_hal_i2c_ex.o
LOAD ./Drivers/STM32F4xx_HAL_Driver/Src/stm32f4xx_hal_pwr.o
LOAD ./Drivers/STM32F4xx_HAL_Driver/Src/stm32f4xx_hal_pwr_ex.o
LOAD ./Drivers/STM32F4xx_HAL_Driver/Src/stm32f4xx_hal_rcc.o
LOAD ./Drivers/STM32F4xx_HAL_Driver/Src/stm32f4xx_hal_rcc_ex.o
LOAD ./Drivers/STM32F4xx_HAL_Driver/Src/stm32f4xx_hal_spi.o
LOAD ./Drivers/STM32F4xx_HAL_Driver/Src/stm32f4xx_hal_tim.o
LOAD ./Drivers/STM32F4xx_HAL_Driver/Src/stm32f4xx_hal_tim_ex.o
LOAD ./Drivers/STM32F4xx_HAL_Driver/Src/stm32f4xx_hal_uart.o
LOAD ./Middlewares/Third_Party/FreeRTOS/Source/CMSIS_RTOS_V2/cmsis_os2.o
LOAD ./Middlewares/Third_Party/FreeRTOS/Source/croutine.o
LOAD ./Middlewares/Third_Party/FreeRTOS/Source/event_groups.o
LOAD ./Middlewares/Third_Party/FreeRTOS/Source/list.o
LOAD ./Middlewares/Third_Party/FreeRTOS/Source/queue.o
LOAD ./Middlewares/Third_Party/FreeRTOS/Source/stream_buffer.o
LOAD ./Middlewares/Third_Party/FreeRTOS/Source/tasks.o
LOAD ./Middlewares/Third_Party/FreeRTOS/Source/timers.o
LOAD ./Middlewares/Third_Party/FreeRTOS/Source/portable/GCC/ARM_CM4F/port.o
LOAD ./Middlewares/Third_Party/FreeRTOS/Source/portable/MemMang/heap_4.o
LOAD ./ThirdParty/SEGGER/RTT/SEGGER_RTT.o
LOAD ./ThirdParty/SEGGER/RTT/SEGGER_RTT_ASM_ARMv7M.o
LOAD ./ThirdParty/SEGGER/SystemView/SEGGER_SYSVIEW.o
LOAD ./ThirdParty/SEGGER/SystemView/SEGGER_SYSVIEW_Config_FreeRTOS.o
LOAD ./ThirdParty/SEGGER/SystemView/SEGGER_SYSVIEW_FreeRTOS.o
START GROUP
LOAD C:/ST/STM32CubeIDE_2.2.0/STM32CubeIDE/plugins/com.st.stm32cube.ide.mcu.externaltools.gnu-tools-for-stm32.14.3.rel1.win32_1.0.100.202602081740/tools/bin/../lib/gcc/arm-none-eabi/14.3.1/../../../../arm-none-eabi/lib/thumb/v7e-m+fp/hard\libc_nano.a
LOAD C:/ST/STM32CubeIDE_2.2.0/STM32CubeIDE/plugins/com.st.stm32cube.ide.mcu.externaltools.gnu-tools-for-stm32.14.3.rel1.win32_1.0.100.202602081740/tools/bin/../lib/gcc/arm-none-eabi/14.3.1/../../../../arm-none-eabi/lib/thumb/v7e-m+fp/hard\libm.a
END GROUP
START GROUP
LOAD C:/ST/STM32CubeIDE_2.2.0/STM32CubeIDE/plugins/com.st.stm32cube.ide.mcu.externaltools.gnu-tools-for-stm32.14.3.rel1.win32_1.0.100.202602081740/tools/bin/../lib/gcc/arm-none-eabi/14.3.1/thumb/v7e-m+fp/hard\libgcc.a
LOAD C:/ST/STM32CubeIDE_2.2.0/STM32CubeIDE/plugins/com.st.stm32cube.ide.mcu.externaltools.gnu-tools-for-stm32.14.3.rel1.win32_1.0.100.202602081740/tools/bin/../lib/gcc/arm-none-eabi/14.3.1/../../../../arm-none-eabi/lib/thumb/v7e-m+fp/hard\libc_nano.a
END GROUP
START GROUP
LOAD C:/ST/STM32CubeIDE_2.2.0/STM32CubeIDE/plugins/com.st.stm32cube.ide.mcu.externaltools.gnu-tools-for-stm32.14.3.rel1.win32_1.0.100.202602081740/tools/bin/../lib/gcc/arm-none-eabi/14.3.1/thumb/v7e-m+fp/hard\libgcc.a
LOAD C:/ST/STM32CubeIDE_2.2.0/STM32CubeIDE/plugins/com.st.stm32cube.ide.mcu.externaltools.gnu-tools-for-stm32.14.3.rel1.win32_1.0.100.202602081740/tools/bin/../lib/gcc/arm-none-eabi/14.3.1/../../../../arm-none-eabi/lib/thumb/v7e-m+fp/hard\libc_nano.a
LOAD C:/ST/STM32CubeIDE_2.2.0/STM32CubeIDE/plugins/com.st.stm32cube.ide.mcu.externaltools.gnu-tools-for-stm32.14.3.rel1.win32_1.0.100.202602081740/tools/bin/../lib/gcc/arm-none-eabi/14.3.1/../../../../arm-none-eabi/lib/thumb/v7e-m+fp/hard\libnosys.a
END GROUP
START GROUP
LOAD C:/ST/STM32CubeIDE_2.2.0/STM32CubeIDE/plugins/com.st.stm32cube.ide.mcu.externaltools.gnu-tools-for-stm32.14.3.rel1.win32_1.0.100.202602081740/tools/bin/../lib/gcc/arm-none-eabi/14.3.1/thumb/v7e-m+fp/hard\libgcc.a
LOAD C:/ST/STM32CubeIDE_2.2.0/STM32CubeIDE/plugins/com.st.stm32cube.ide.mcu.externaltools.gnu-tools-for-stm32.14.3.rel1.win32_1.0.100.202602081740/tools/bin/../lib/gcc/arm-none-eabi/14.3.1/../../../../arm-none-eabi/lib/thumb/v7e-m+fp/hard\libc_nano.a
LOAD C:/ST/STM32CubeIDE_2.2.0/STM32CubeIDE/plugins/com.st.stm32cube.ide.mcu.externaltools.gnu-tools-for-stm32.14.3.rel1.win32_1.0.100.202602081740/tools/bin/../lib/gcc/arm-none-eabi/14.3.1/../../../../arm-none-eabi/lib/thumb/v7e-m+fp/hard\libnosys.a
END GROUP
LOAD C:/ST/STM32CubeIDE_2.2.0/STM32CubeIDE/plugins/com.st.stm32cube.ide.mcu.externaltools.gnu-tools-for-stm32.14.3.rel1.win32_1.0.100.202602081740/tools/bin/../lib/gcc/arm-none-eabi/14.3.1/thumb/v7e-m+fp/hard/crtend.o
LOAD C:/ST/STM32CubeIDE_2.2.0/STM32CubeIDE/plugins/com.st.stm32cube.ide.mcu.externaltools.gnu-tools-for-stm32.14.3.rel1.win32_1.0.100.202602081740/tools/bin/../lib/gcc/arm-none-eabi/14.3.1/thumb/v7e-m+fp/hard/crtn.o
                0x20020000                        _estack = (ORIGIN (RAM) + LENGTH (RAM))
                0x00000200                        _Min_Heap_Size = 0x200
                0x00000400                        _Min_Stack_Size = 0x400

.isr_vector     0x08000000      0x1c4
                0x08000000                        . = ALIGN (0x4)
 *(.isr_vector)
 .isr_vector    0x08000000      0x1c4 ./Core/Startup/startup_stm32f446retx.o
                0x08000000                g_pfnVectors
                0x080001c4                        . = ALIGN (0x4)

.text           0x080001d0    0x10f7c
                0x080001d0                        . = ALIGN (0x4)
 *(.text)
 .text          0x080001d0       0x40 C:/ST/STM32CubeIDE_2.2.0/STM32CubeIDE/plugins/com.st.stm32cube.ide.mcu.externaltools.gnu-tools-for-stm32.14.3.rel1.win32_1.0.100.202602081740/tools/bin/../lib/gcc/arm-none-eabi/14.3.1/thumb/v7e-m+fp/hard/crtbegin.o
 .text          0x08000210       0x94 ./ThirdParty/SEGGER/RTT/SEGGER_RTT_ASM_ARMv7M.o
                0x08000210                SEGGER_RTT_ASM_WriteSkipNoLock
 .text          0x080002a4       0x14 C:/ST/STM32CubeIDE_2.2.0/STM32CubeIDE/plugins/com.st.stm32cube.ide.mcu.externaltools.gnu-tools-for-stm32.14.3.rel1.win32_1.0.100.202602081740/tools/bin/../lib/gcc/arm-none-eabi/14.3.1/../../../../arm-none-eabi/lib/thumb/v7e-m+fp/hard\libc_nano.a(libc_a-strcmp.o)
                0x080002a4                strcmp
 *fill*         0x080002b8        0x8 
 .text          0x080002c0       0xa0 C:/ST/STM32CubeIDE_2.2.0/STM32CubeIDE/plugins/com.st.stm32cube.ide.mcu.externaltools.gnu-tools-for-stm32.14.3.rel1.win32_1.0.100.202602081740/tools/bin/../lib/gcc/arm-none-eabi/14.3.1/../../../../arm-none-eabi/lib/thumb/v7e-m+fp/hard\libc_nano.a(libc_a-memchr.o)
                0x080002c0                memchr
 .text          0x08000360       0x10 C:/ST/STM32CubeIDE_2.2.0/STM32CubeIDE/plugins/com.st.stm32cube.ide.mcu.externaltools.gnu-tools-for-stm32.14.3.rel1.win32_1.0.100.202602081740/tools/bin/../lib/gcc/arm-none-eabi/14.3.1/../../../../arm-none-eabi/lib/thumb/v7e-m+fp/hard\libc_nano.a(libc_a-strlen.o)
                0x08000360                strlen
 .text          0x08000370      0x378 C:/ST/STM32CubeIDE_2.2.0/STM32CubeIDE/plugins/com.st.stm32cube.ide.mcu.externaltools.gnu-tools-for-stm32.14.3.rel1.win32_1.0.100.202602081740/tools/bin/../lib/gcc/arm-none-eabi/14.3.1/thumb/v7e-m+fp/hard\libgcc.a(_arm_addsubdf3.o)
                0x08000370                __aeabi_drsub
                0x08000378                __aeabi_dsub
                0x08000378                __subdf3
                0x0800037c                __aeabi_dadd
                0x0800037c                __adddf3
                0x080005f4                __floatunsidf
                0x080005f4                __aeabi_ui2d
                0x08000614                __floatsidf
                0x08000614                __aeabi_i2d
                0x08000638                __aeabi_f2d
                0x08000638                __extendsfdf2
                0x0800067c                __floatundidf
                0x0800067c                __aeabi_ul2d
                0x0800068c                __floatdidf
                0x0800068c                __aeabi_l2d
 .text          0x080006e8      0x424 C:/ST/STM32CubeIDE_2.2.0/STM32CubeIDE/plugins/com.st.stm32cube.ide.mcu.externaltools.gnu-tools-for-stm32.14.3.rel1.win32_1.0.100.202602081740/tools/bin/../lib/gcc/arm-none-eabi/14.3.1/thumb/v7e-m+fp/hard\libgcc.a(_arm_muldivdf3.o)
                0x080006e8                __aeabi_dmul
                0x080006e8                __muldf3
                0x0800093c                __divdf3
                0x0800093c                __aeabi_ddiv
 .text          0x08000b0c      0x110 C:/ST/STM32CubeIDE_2.2.0/STM32CubeIDE/plugins/com.st.stm32cube.ide.mcu.externaltools.gnu-tools-for-stm32.14.3.rel1.win32_1.0.100.202602081740/tools/bin/../lib/gcc/arm-none-eabi/14.3.1/thumb/v7e-m+fp/hard\libgcc.a(_arm_cmpdf2.o)
                0x08000b0c                __gtdf2
                0x08000b0c                __gedf2
                0x08000b14                __ltdf2
                0x08000b14                __ledf2
                0x08000b1c                __nedf2
                0x08000b1c                __eqdf2
                0x08000b1c                __cmpdf2
                0x08000b98                __aeabi_cdrcmple
                0x08000ba8                __aeabi_cdcmpeq
                0x08000ba8                __aeabi_cdcmple
                0x08000bb8                __aeabi_dcmpeq
                0x08000bcc                __aeabi_dcmplt
                0x08000be0                __aeabi_dcmple
                0x08000bf4                __aeabi_dcmpge
                0x08000c08                __aeabi_dcmpgt
 .text          0x08000c1c       0x2c C:/ST/STM32CubeIDE_2.2.0/STM32CubeIDE/plugins/com.st.stm32cube.ide.mcu.externaltools.gnu-tools-for-stm32.14.3.rel1.win32_1.0.100.202602081740/tools/bin/../lib/gcc/arm-none-eabi/14.3.1/thumb/v7e-m+fp/hard\libgcc.a(_arm_unorddf2.o)
                0x08000c1c                __unorddf2
                0x08000c1c                __aeabi_dcmpun
 .text          0x08000c48       0x50 C:/ST/STM32CubeIDE_2.2.0/STM32CubeIDE/plugins/com.st.stm32cube.ide.mcu.externaltools.gnu-tools-for-stm32.14.3.rel1.win32_1.0.100.202602081740/tools/bin/../lib/gcc/arm-none-eabi/14.3.1/thumb/v7e-m+fp/hard\libgcc.a(_arm_fixdfsi.o)
                0x08000c48                __aeabi_d2iz
                0x08000c48                __fixdfsi
 .text          0x08000c98       0x30 C:/ST/STM32CubeIDE_2.2.0/STM32CubeIDE/plugins/com.st.stm32cube.ide.mcu.externaltools.gnu-tools-for-stm32.14.3.rel1.win32_1.0.100.202602081740/tools/bin/../lib/gcc/arm-none-eabi/14.3.1/thumb/v7e-m+fp/hard\libgcc.a(_aeabi_uldivmod.o)
                0x08000c98                __aeabi_uldivmod
 .text          0x08000cc8      0x2f8 C:/ST/STM32CubeIDE_2.2.0/STM32CubeIDE/plugins/com.st.stm32cube.ide.mcu.externaltools.gnu-tools-for-stm32.14.3.rel1.win32_1.0.100.202602081740/tools/bin/../lib/gcc/arm-none-eabi/14.3.1/thumb/v7e-m+fp/hard\libgcc.a(_udivmoddi4.o)
                0x08000cc8                __udivmoddi4
 .text          0x08000fc0        0x4 C:/ST/STM32CubeIDE_2.2.0/STM32CubeIDE/plugins/com.st.stm32cube.ide.mcu.externaltools.gnu-tools-for-stm32.14.3.rel1.win32_1.0.100.202602081740/tools/bin/../lib/gcc/arm-none-eabi/14.3.1/thumb/v7e-m+fp/hard\libgcc.a(_dvmd_tls.o)
                0x08000fc0                __aeabi_idiv0
                0x08000fc0                __aeabi_ldiv0
 *(.text*)
 .text.Evaluate
                0x08000fc4      0x17e ./Core/Src/alarm_service.o
 *fill*         0x08001142        0x2 
 .text.AlarmTask
                0x08001144       0xfc ./Core/Src/alarm_service.o
 .text.AlarmService_Init
                0x08001240       0x58 ./Core/Src/alarm_service.o
                0x08001240                AlarmService_Init
 .text.AlarmService_Publish
                0x08001298       0x3c ./Core/Src/alarm_service.o
                0x08001298                AlarmService_Publish
 .text.AlarmService_GetActive
                0x080012d4       0x18 ./Core/Src/alarm_service.o
                0x080012d4                AlarmService_GetActive
 .text.AlarmService_Acknowledge
                0x080012ec       0x1c ./Core/Src/alarm_service.o
                0x080012ec                AlarmService_Acknowledge
 .text.App_Init
                0x08001308      0x1a4 ./Core/Src/app.o
                0x08001308                App_Init
 .text.App_GetLatest
                0x080014ac       0x58 ./Core/Src/app.o
                0x080014ac                App_GetLatest
 .text.App_SetLatest
                0x08001504       0x54 ./Core/Src/app.o
                0x08001504                App_SetLatest
 .text.App_GetConfig
                0x08001558       0x58 ./Core/Src/app.o
                0x08001558                App_GetConfig
 .text.App_UpdateConfig
                0x080015b0       0x7c ./Core/Src/app.o
                0x080015b0                App_UpdateConfig
 .text.App_GetStatistics
                0x0800162c       0x30 ./Core/Src/app.o
                0x0800162c                App_GetStatistics
 .text.App_StatisticsMutable
                0x0800165c       0x14 ./Core/Src/app.o
                0x0800165c                App_StatisticsMutable
 .text.App_SHT3x
                0x08001670       0x14 ./Core/Src/app.o
                0x08001670                App_SHT3x
 .text.App_BH1750
                0x08001684       0x14 ./Core/Src/app.o
                0x08001684                App_BH1750
 .text.App_Soil
                0x08001698       0x14 ./Core/Src/app.o
                0x08001698                App_Soil
 .text.App_Flash
                0x080016ac       0x14 ./Core/Src/app.o
                0x080016ac                App_Flash
 .text.App_Uart
                0x080016c0       0x18 ./Core/Src/app.o
                0x080016c0                App_Uart
 .text.App_UartRxCompleteISR
                0x080016d8       0x16 ./Core/Src/app.o
                0x080016d8                App_UartRxCompleteISR
 *fill*         0x080016ee        0x2 
 .text.PrintSensor
                0x080016f0       0xf4 ./Core/Src/command_service.o
 .text.Execute  0x080017e4      0x308 ./Core/Src/command_service.o
 .text.CommandTask
                0x08001aec       0xa4 ./Core/Src/command_service.o
 .text.CommandService_Init
                0x08001b90       0x58 ./Core/Src/command_service.o
                0x08001b90                CommandService_Init
 .text.CommandService_RxCompleteISR
                0x08001be8       0x60 ./Core/Src/command_service.o
                0x08001be8                CommandService_RxCompleteISR
 .text.HealthService_Heartbeat
                0x08001c48       0x2c ./Core/Src/health_service.o
                0x08001c48                HealthService_Heartbeat
 .text.HealthTask
                0x08001c74       0x5c ./Core/Src/health_service.o
 .text.HealthService_Init
                0x08001cd0       0x54 ./Core/Src/health_service.o
                0x08001cd0                HealthService_Init
 .text.__io_putchar
                0x08001d24       0x24 ./Core/Src/main.o
                0x08001d24                __io_putchar
 .text.main     0x08001d48       0xb8 ./Core/Src/main.o
                0x08001d48                main
 .text.SystemClock_Config
                0x08001e00       0xdc ./Core/Src/main.o
                0x08001e00                SystemClock_Config
 .text.MX_ADC1_Init
                0x08001edc       0xa4 ./Core/Src/main.o
 .text.MX_I2C1_Init
                0x08001f80       0x5c ./Core/Src/main.o
 .text.MX_SPI2_Init
                0x08001fdc       0x6c ./Core/Src/main.o
 .text.MX_USART2_UART_Init
                0x08002048       0x54 ./Core/Src/main.o
 .text.MX_GPIO_Init
                0x0800209c       0xc0 ./Core/Src/main.o
 .text.HAL_UART_RxCpltCallback
                0x0800215c       0x16 ./Core/Src/main.o
                0x0800215c                HAL_UART_RxCpltCallback
 *fill*         0x08002172        0x2 
 .text.HAL_TIM_PeriodElapsedCallback
                0x08002174       0x24 ./Core/Src/main.o
                0x08002174                HAL_TIM_PeriodElapsedCallback
 .text.Error_Handler
                0x08002198        0xc ./Core/Src/main.o
                0x08002198                Error_Handler
 .text.SensorTask
                0x080021a4      0x330 ./Core/Src/sensor_service.o
 .text.SensorService_Init
                0x080024d4       0x38 ./Core/Src/sensor_service.o
                0x080024d4                SensorService_Init
 .text.HAL_MspInit
                0x0800250c       0x58 ./Core/Src/stm32f4xx_hal_msp.o
                0x0800250c                HAL_MspInit
 .text.HAL_ADC_MspInit
                0x08002564       0x88 ./Core/Src/stm32f4xx_hal_msp.o
                0x08002564                HAL_ADC_MspInit
 .text.HAL_I2C_MspInit
                0x080025ec       0x90 ./Core/Src/stm32f4xx_hal_msp.o
                0x080025ec                HAL_I2C_MspInit
 .text.HAL_SPI_MspInit
                0x0800267c       0xf0 ./Core/Src/stm32f4xx_hal_msp.o
                0x0800267c                HAL_SPI_MspInit
 .text.HAL_UART_MspInit
                0x0800276c       0xa0 ./Core/Src/stm32f4xx_hal_msp.o
                0x0800276c                HAL_UART_MspInit
 .text.HAL_InitTick
                0x0800280c       0xf8 ./Core/Src/stm32f4xx_hal_timebase_tim.o
                0x0800280c                HAL_InitTick
 .text.NMI_Handler
                0x08002904        0x8 ./Core/Src/stm32f4xx_it.o
                0x08002904                NMI_Handler
 .text.HardFault_Handler
                0x0800290c        0x8 ./Core/Src/stm32f4xx_it.o
                0x0800290c                HardFault_Handler
 .text.MemManage_Handler
                0x08002914        0x8 ./Core/Src/stm32f4xx_it.o
                0x08002914                MemManage_Handler
 .text.BusFault_Handler
                0x0800291c        0x8 ./Core/Src/stm32f4xx_it.o
                0x0800291c                BusFault_Handler
 .text.UsageFault_Handler
                0x08002924        0x8 ./Core/Src/stm32f4xx_it.o
                0x08002924                UsageFault_Handler
 .text.DebugMon_Handler
                0x0800292c        0xe ./Core/Src/stm32f4xx_it.o
                0x0800292c                DebugMon_Handler
 *fill*         0x0800293a        0x2 
 .text.USART2_IRQHandler
                0x0800293c       0x14 ./Core/Src/stm32f4xx_it.o
                0x0800293c                USART2_IRQHandler
 .text.EXTI15_10_IRQHandler
                0x08002950       0x10 ./Core/Src/stm32f4xx_it.o
                0x08002950                EXTI15_10_IRQHandler
 .text.TIM6_DAC_IRQHandler
                0x08002960       0x14 ./Core/Src/stm32f4xx_it.o
                0x08002960                TIM6_DAC_IRQHandler
 .text.Crc32    0x08002974       0x6c ./Core/Src/storage_service.o
 .text.AppendSample
                0x080029e0      0x114 ./Core/Src/storage_service.o
 .text.StorageTask
                0x08002af4       0xdc ./Core/Src/storage_service.o
 .text.StorageService_Init
                0x08002bd0       0x58 ./Core/Src/storage_service.o
                0x08002bd0                StorageService_Init
 .text.StorageService_Request
                0x08002c28       0x40 ./Core/Src/storage_service.o
                0x08002c28                StorageService_Request
 .text.StorageService_GetRecordCount
                0x08002c68       0x18 ./Core/Src/storage_service.o
                0x08002c68                StorageService_GetRecordCount
 .text._getpid  0x08002c80       0x10 ./Core/Src/syscalls.o
                0x08002c80                _getpid
 .text._kill    0x08002c90       0x20 ./Core/Src/syscalls.o
                0x08002c90                _kill
 .text._exit    0x08002cb0       0x16 ./Core/Src/syscalls.o
                0x08002cb0                _exit
 .text._read    0x08002cc6       0x3a ./Core/Src/syscalls.o
                0x08002cc6                _read
 .text._write   0x08002d00       0x38 ./Core/Src/syscalls.o
                0x08002d00                _write
 .text._close   0x08002d38       0x18 ./Core/Src/syscalls.o
                0x08002d38                _close
 .text._fstat   0x08002d50       0x20 ./Core/Src/syscalls.o
                0x08002d50                _fstat
 .text._isatty  0x08002d70       0x16 ./Core/Src/syscalls.o
                0x08002d70                _isatty
 .text._lseek   0x08002d86       0x1a ./Core/Src/syscalls.o
                0x08002d86                _lseek
 .text._sbrk    0x08002da0       0x6c ./Core/Src/sysmem.o
                0x08002da0                _sbrk
 .text.SystemInit
                0x08002e0c       0x24 ./Core/Src/system_stm32f4xx.o
                0x08002e0c                SystemInit
 .text.Enqueue  0x08002e30       0x6e ./Core/Src/uart_service.o
 *fill*         0x08002e9e        0x2 
 .text.UartService_Response
                0x08002ea0       0x34 ./Core/Src/uart_service.o
                0x08002ea0                UartService_Response
 .text.UartService_Log
                0x08002ed4       0x34 ./Core/Src/uart_service.o
                0x08002ed4                UartService_Log
 .text.UartTask
                0x08002f08       0x68 ./Core/Src/uart_service.o
 .text.UartService_Init
                0x08002f70       0x74 ./Core/Src/uart_service.o
                0x08002f70                UartService_Init
 .text.Reset_Handler
                0x08002fe4       0x50 ./Core/Startup/startup_stm32f446retx.o
                0x08002fe4                Reset_Handler
 .text.Default_Handler
                0x08003034        0x2 ./Core/Startup/startup_stm32f446retx.o
                0x08003034                RTC_Alarm_IRQHandler
                0x08003034                EXTI2_IRQHandler
                0x08003034                TIM8_CC_IRQHandler
                0x08003034                FMPI2C1_EV_IRQHandler
                0x08003034                SPI4_IRQHandler
                0x08003034                TIM1_CC_IRQHandler
                0x08003034                DMA2_Stream5_IRQHandler
                0x08003034                DMA1_Stream5_IRQHandler
                0x08003034                PVD_IRQHandler
                0x08003034                SDIO_IRQHandler
                0x08003034                TAMP_STAMP_IRQHandler
                0x08003034                CAN2_RX1_IRQHandler
                0x08003034                EXTI3_IRQHandler
                0x08003034                TIM8_TRG_COM_TIM14_IRQHandler
                0x08003034                TIM1_UP_TIM10_IRQHandler
                0x08003034                TIM8_UP_TIM13_IRQHandler
                0x08003034                I2C3_ER_IRQHandler
                0x08003034                EXTI0_IRQHandler
                0x08003034                I2C2_EV_IRQHandler
                0x08003034                DMA1_Stream2_IRQHandler
                0x08003034                CAN1_RX0_IRQHandler
                0x08003034                FPU_IRQHandler
                0x08003034                OTG_HS_WKUP_IRQHandler
                0x08003034                CAN2_SCE_IRQHandler
                0x08003034                DMA2_Stream2_IRQHandler
                0x08003034                SPI1_IRQHandler
                0x08003034                TIM1_BRK_TIM9_IRQHandler
                0x08003034                DCMI_IRQHandler
                0x08003034                CAN2_RX0_IRQHandler
                0x08003034                DMA2_Stream3_IRQHandler
                0x08003034                SAI2_IRQHandler
                0x08003034                USART6_IRQHandler
                0x08003034                USART3_IRQHandler
                0x08003034                CAN1_RX1_IRQHandler
                0x08003034                UART5_IRQHandler
                0x08003034                DMA2_Stream0_IRQHandler
                0x08003034                TIM4_IRQHandler
                0x08003034                QUADSPI_IRQHandler
                0x08003034                I2C1_EV_IRQHandler
                0x08003034                DMA1_Stream6_IRQHandler
                0x08003034                DMA1_Stream1_IRQHandler
                0x08003034                UART4_IRQHandler
                0x08003034                TIM3_IRQHandler
                0x08003034                RCC_IRQHandler
                0x08003034                TIM8_BRK_TIM12_IRQHandler
                0x08003034                Default_Handler
                0x08003034                CEC_IRQHandler
                0x08003034                ADC_IRQHandler
                0x08003034                DMA1_Stream7_IRQHandler
                0x08003034                TIM7_IRQHandler
                0x08003034                CAN2_TX_IRQHandler
                0x08003034                TIM5_IRQHandler
                0x08003034                DMA2_Stream7_IRQHandler
                0x08003034                I2C3_EV_IRQHandler
                0x08003034                EXTI9_5_IRQHandler
                0x08003034                RTC_WKUP_IRQHandler
                0x08003034                SPDIF_RX_IRQHandler
                0x08003034                SPI2_IRQHandler
                0x08003034                OTG_HS_EP1_IN_IRQHandler
                0x08003034                DMA1_Stream0_IRQHandler
                0x08003034                CAN1_TX_IRQHandler
                0x08003034                FMPI2C1_ER_IRQHandler
                0x08003034                EXTI4_IRQHandler
                0x08003034                OTG_HS_EP1_OUT_IRQHandler
                0x08003034                WWDG_IRQHandler
                0x08003034                TIM2_IRQHandler
                0x08003034                OTG_FS_WKUP_IRQHandler
                0x08003034                TIM1_TRG_COM_TIM11_IRQHandler
                0x08003034                OTG_HS_IRQHandler
                0x08003034                EXTI1_IRQHandler
                0x08003034                I2C2_ER_IRQHandler
                0x08003034                DMA2_Stream1_IRQHandler
                0x08003034                CAN1_SCE_IRQHandler
                0x08003034                FLASH_IRQHandler
                0x08003034                DMA2_Stream4_IRQHandler
                0x08003034                USART1_IRQHandler
                0x08003034                OTG_FS_IRQHandler
                0x08003034                SPI3_IRQHandler
                0x08003034                DMA1_Stream4_IRQHandler
                0x08003034                I2C1_ER_IRQHandler
                0x08003034                FMC_IRQHandler
                0x08003034                DMA2_Stream6_IRQHandler
                0x08003034                SAI1_IRQHandler
                0x08003034                DMA1_Stream3_IRQHandler
 *fill*         0x08003036        0x2 
 .text.BSP_LED_Init
                0x08003038       0x6c ./Drivers/BSP/STM32F4xx-Nucleo/stm32f4xx_nucleo.o
                0x08003038                BSP_LED_Init
 .text.BSP_PB_Init
                0x080030a4       0xac ./Drivers/BSP/STM32F4xx-Nucleo/stm32f4xx_nucleo.o
                0x080030a4                BSP_PB_Init
 .text.BH1750_FromHAL
                0x08003150       0x38 ./Drivers/FloraNet/Src/bh1750.o
 .text.BH1750_WriteCommand
                0x08003188       0x46 ./Drivers/FloraNet/Src/bh1750.o
 .text.BH1750_Init
                0x080031ce       0x48 ./Drivers/FloraNet/Src/bh1750.o
                0x080031ce                BH1750_Init
 .text.BH1750_Probe
                0x08003216       0x3e ./Drivers/FloraNet/Src/bh1750.o
                0x08003216                BH1750_Probe
 .text.BH1750_StartMeasurement
                0x08003254       0x62 ./Drivers/FloraNet/Src/bh1750.o
                0x08003254                BH1750_StartMeasurement
 *fill*         0x080032b6        0x2 
 .text.BH1750_Read
                0x080032b8       0xd8 ./Drivers/FloraNet/Src/bh1750.o
                0x080032b8                BH1750_Read
 .text.SHT3x_FromHAL
                0x08003390       0x38 ./Drivers/FloraNet/Src/sht3x.o
 .text.SHT3x_IsValid
                0x080033c8       0x2e ./Drivers/FloraNet/Src/sht3x.o
 .text.SHT3x_Receive
                0x080033f6       0x5a ./Drivers/FloraNet/Src/sht3x.o
 .text.SHT3x_Init
                0x08003450       0x3c ./Drivers/FloraNet/Src/sht3x.o
                0x08003450                SHT3x_Init
 .text.SHT3x_Probe
                0x0800348c       0x42 ./Drivers/FloraNet/Src/sht3x.o
                0x0800348c                SHT3x_Probe
 .text.SHT3x_SendCommand
                0x080034ce       0x5c ./Drivers/FloraNet/Src/sht3x.o
                0x080034ce                SHT3x_SendCommand
 *fill*         0x0800352a        0x2 
 .text.SHT3x_StartSingleShot
                0x0800352c       0x4c ./Drivers/FloraNet/Src/sht3x.o
                0x0800352c                SHT3x_StartSingleShot
 .text.SHT3x_CalculateCRC
                0x08003578       0x78 ./Drivers/FloraNet/Src/sht3x.o
                0x08003578                SHT3x_CalculateCRC
 .text.SHT3x_ReadMeasurement
                0x080035f0       0xf4 ./Drivers/FloraNet/Src/sht3x.o
                0x080035f0                SHT3x_ReadMeasurement
 .text.SoilMoisture_FromHAL
                0x080036e4       0x38 ./Drivers/FloraNet/Src/soil_moisture.o
 .text.SoilMoisture_Init
                0x0800371c       0x50 ./Drivers/FloraNet/Src/soil_moisture.o
                0x0800371c                SoilMoisture_Init
 .text.SoilMoisture_SetCalibration
                0x0800376c       0x42 ./Drivers/FloraNet/Src/soil_moisture.o
                0x0800376c                SoilMoisture_SetCalibration
 .text.SoilMoisture_ReadRaw
                0x080037ae       0x8a ./Drivers/FloraNet/Src/soil_moisture.o
                0x080037ae                SoilMoisture_ReadRaw
 .text.SoilMoisture_ReadAverage
                0x08003838       0x72 ./Drivers/FloraNet/Src/soil_moisture.o
                0x08003838                SoilMoisture_ReadAverage
 *fill*         0x080038aa        0x2 
 .text.SoilMoisture_ReadPercent
                0x080038ac       0xd4 ./Drivers/FloraNet/Src/soil_moisture.o
                0x080038ac                SoilMoisture_ReadPercent
 .text.CS_Low   0x08003980       0x20 ./Drivers/FloraNet/Src/w25qxx.o
 .text.CS_High  0x080039a0       0x20 ./Drivers/FloraNet/Src/w25qxx.o
 .text.FromHAL  0x080039c0       0x38 ./Drivers/FloraNet/Src/w25qxx.o
 .text.Valid    0x080039f8       0x36 ./Drivers/FloraNet/Src/w25qxx.o
 .text.Tx       0x08003a2e       0x30 ./Drivers/FloraNet/Src/w25qxx.o
 .text.Rx       0x08003a5e       0x30 ./Drivers/FloraNet/Src/w25qxx.o
 .text.SimpleCommand
                0x08003a8e       0x48 ./Drivers/FloraNet/Src/w25qxx.o
 .text.RangeValid
                0x08003ad6       0x4c ./Drivers/FloraNet/Src/w25qxx.o
 .text.EraseAddress
                0x08003b22       0xe0 ./Drivers/FloraNet/Src/w25qxx.o
 .text.W25QXX_InitHandle
                0x08003c02       0x60 ./Drivers/FloraNet/Src/w25qxx.o
                0x08003c02                W25QXX_InitHandle
 .text.W25QXX_ReadJEDECID
                0x08003c62       0x66 ./Drivers/FloraNet/Src/w25qxx.o
                0x08003c62                W25QXX_ReadJEDECID
 .text.W25QXX_Probe
                0x08003cc8       0x66 ./Drivers/FloraNet/Src/w25qxx.o
                0x08003cc8                W25QXX_Probe
 .text.ReadStatus
                0x08003d2e       0x66 ./Drivers/FloraNet/Src/w25qxx.o
 .text.W25QXX_ReadStatus1
                0x08003d94       0x1e ./Drivers/FloraNet/Src/w25qxx.o
                0x08003d94                W25QXX_ReadStatus1
 .text.W25QXX_WaitReady
                0x08003db2       0x52 ./Drivers/FloraNet/Src/w25qxx.o
                0x08003db2                W25QXX_WaitReady
 .text.W25QXX_WriteEnable
                0x08003e04       0x1a ./Drivers/FloraNet/Src/w25qxx.o
                0x08003e04                W25QXX_WriteEnable
 .text.W25QXX_Write
                0x08003e1e      0x13c ./Drivers/FloraNet/Src/w25qxx.o
                0x08003e1e                W25QXX_Write
 .text.W25QXX_EraseSector4K
                0x08003f5a       0x22 ./Drivers/FloraNet/Src/w25qxx.o
                0x08003f5a                W25QXX_EraseSector4K
 .text.HAL_Init
                0x08003f7c       0x44 ./Drivers/STM32F4xx_HAL_Driver/Src/stm32f4xx_hal.o
                0x08003f7c                HAL_Init
 .text.HAL_IncTick
                0x08003fc0       0x28 ./Drivers/STM32F4xx_HAL_Driver/Src/stm32f4xx_hal.o
                0x08003fc0                HAL_IncTick
 .text.HAL_GetTick
                0x08003fe8       0x18 ./Drivers/STM32F4xx_HAL_Driver/Src/stm32f4xx_hal.o
                0x08003fe8                HAL_GetTick
 .text.HAL_ADC_Init
                0x08004000       0x86 ./Drivers/STM32F4xx_HAL_Driver/Src/stm32f4xx_hal_adc.o
                0x08004000                HAL_ADC_Init
 *fill*         0x08004086        0x2 
 .text.HAL_ADC_Start
                0x08004088      0x1a4 ./Drivers/STM32F4xx_HAL_Driver/Src/stm32f4xx_hal_adc.o
                0x08004088                HAL_ADC_Start
 .text.HAL_ADC_Stop
                0x0800422c       0x66 ./Drivers/STM32F4xx_HAL_Driver/Src/stm32f4xx_hal_adc.o
                0x0800422c                HAL_ADC_Stop
 .text.HAL_ADC_PollForConversion
                0x08004292      0x116 ./Drivers/STM32F4xx_HAL_Driver/Src/stm32f4xx_hal_adc.o
                0x08004292                HAL_ADC_PollForConversion
 .text.HAL_ADC_GetValue
                0x080043a8       0x1a ./Drivers/STM32F4xx_HAL_Driver/Src/stm32f4xx_hal_adc.o
                0x080043a8                HAL_ADC_GetValue
 *fill*         0x080043c2        0x2 
 .text.HAL_ADC_ConfigChannel
                0x080043c4      0x264 ./Drivers/STM32F4xx_HAL_Driver/Src/stm32f4xx_hal_adc.o
                0x080043c4                HAL_ADC_ConfigChannel
 .text.ADC_Init
                0x08004628      0x1f8 ./Drivers/STM32F4xx_HAL_Driver/Src/stm32f4xx_hal_adc.o
 .text.__NVIC_SetPriorityGrouping
                0x08004820       0x48 ./Drivers/STM32F4xx_HAL_Driver/Src/stm32f4xx_hal_cortex.o
 .text.__NVIC_GetPriorityGrouping
                0x08004868       0x1c ./Drivers/STM32F4xx_HAL_Driver/Src/stm32f4xx_hal_cortex.o
 .text.__NVIC_EnableIRQ
                0x08004884       0x3c ./Drivers/STM32F4xx_HAL_Driver/Src/stm32f4xx_hal_cortex.o
 .text.__NVIC_SetPriority
                0x080048c0       0x54 ./Drivers/STM32F4xx_HAL_Driver/Src/stm32f4xx_hal_cortex.o
 .text.NVIC_EncodePriority
                0x08004914       0x66 ./Drivers/STM32F4xx_HAL_Driver/Src/stm32f4xx_hal_cortex.o
 .text.HAL_NVIC_SetPriorityGrouping
                0x0800497a       0x16 ./Drivers/STM32F4xx_HAL_Driver/Src/stm32f4xx_hal_cortex.o
                0x0800497a                HAL_NVIC_SetPriorityGrouping
 .text.HAL_NVIC_SetPriority
                0x08004990       0x38 ./Drivers/STM32F4xx_HAL_Driver/Src/stm32f4xx_hal_cortex.o
                0x08004990                HAL_NVIC_SetPriority
 .text.HAL_NVIC_EnableIRQ
                0x080049c8       0x1c ./Drivers/STM32F4xx_HAL_Driver/Src/stm32f4xx_hal_cortex.o
                0x080049c8                HAL_NVIC_EnableIRQ
 .text.HAL_DMA_Abort
                0x080049e4       0xe0 ./Drivers/STM32F4xx_HAL_Driver/Src/stm32f4xx_hal_dma.o
                0x080049e4                HAL_DMA_Abort
 .text.HAL_DMA_Abort_IT
                0x08004ac4       0x44 ./Drivers/STM32F4xx_HAL_Driver/Src/stm32f4xx_hal_dma.o
                0x08004ac4                HAL_DMA_Abort_IT
 .text.HAL_GPIO_Init
                0x08004b08      0x328 ./Drivers/STM32F4xx_HAL_Driver/Src/stm32f4xx_hal_gpio.o
                0x08004b08                HAL_GPIO_Init
 .text.HAL_GPIO_WritePin
                0x08004e30       0x32 ./Drivers/STM32F4xx_HAL_Driver/Src/stm32f4xx_hal_gpio.o
                0x08004e30                HAL_GPIO_WritePin
 *fill*         0x08004e62        0x2 
 .text.HAL_GPIO_EXTI_IRQHandler
                0x08004e64       0x30 ./Drivers/STM32F4xx_HAL_Driver/Src/stm32f4xx_hal_gpio.o
                0x08004e64                HAL_GPIO_EXTI_IRQHandler
 .text.HAL_GPIO_EXTI_Callback
                0x08004e94       0x16 ./Drivers/STM32F4xx_HAL_Driver/Src/stm32f4xx_hal_gpio.o
                0x08004e94                HAL_GPIO_EXTI_Callback
 *fill*         0x08004eaa        0x2 
 .text.HAL_I2C_Init
                0x08004eac      0x288 ./Drivers/STM32F4xx_HAL_Driver/Src/stm32f4xx_hal_i2c.o
                0x08004eac                HAL_I2C_Init
 .text.HAL_I2C_Master_Transmit
                0x08005134      0x1fc ./Drivers/STM32F4xx_HAL_Driver/Src/stm32f4xx_hal_i2c.o
                0x08005134                HAL_I2C_Master_Transmit
 .text.HAL_I2C_Master_Receive
                0x08005330      0x464 ./Drivers/STM32F4xx_HAL_Driver/Src/stm32f4xx_hal_i2c.o
                0x08005330                HAL_I2C_Master_Receive
 .text.HAL_I2C_IsDeviceReady
                0x08005794      0x25c ./Drivers/STM32F4xx_HAL_Driver/Src/stm32f4xx_hal_i2c.o
                0x08005794                HAL_I2C_IsDeviceReady
 .text.I2C_MasterRequestWrite
                0x080059f0      0x104 ./Drivers/STM32F4xx_HAL_Driver/Src/stm32f4xx_hal_i2c.o
 .text.I2C_MasterRequestRead
                0x08005af4      0x19c ./Drivers/STM32F4xx_HAL_Driver/Src/stm32f4xx_hal_i2c.o
 .text.I2C_WaitOnFlagUntilTimeout
                0x08005c90       0xf4 ./Drivers/STM32F4xx_HAL_Driver/Src/stm32f4xx_hal_i2c.o
 .text.I2C_WaitOnMasterAddressFlagUntilTimeout
                0x08005d84      0x140 ./Drivers/STM32F4xx_HAL_Driver/Src/stm32f4xx_hal_i2c.o
 .text.I2C_WaitOnTXEFlagUntilTimeout
                0x08005ec4       0x90 ./Drivers/STM32F4xx_HAL_Driver/Src/stm32f4xx_hal_i2c.o
 .text.I2C_WaitOnBTFFlagUntilTimeout
                0x08005f54       0x90 ./Drivers/STM32F4xx_HAL_Driver/Src/stm32f4xx_hal_i2c.o
 .text.I2C_WaitOnRXNEFlagUntilTimeout
                0x08005fe4       0xba ./Drivers/STM32F4xx_HAL_Driver/Src/stm32f4xx_hal_i2c.o
 .text.I2C_IsAcknowledgeFailed
                0x0800609e       0x5e ./Drivers/STM32F4xx_HAL_Driver/Src/stm32f4xx_hal_i2c.o
 .text.HAL_RCC_ClockConfig
                0x080060fc      0x1cc ./Drivers/STM32F4xx_HAL_Driver/Src/stm32f4xx_hal_rcc.o
                0x080060fc                HAL_RCC_ClockConfig
 .text.HAL_RCC_GetHCLKFreq
                0x080062c8       0x18 ./Drivers/STM32F4xx_HAL_Driver/Src/stm32f4xx_hal_rcc.o
                0x080062c8                HAL_RCC_GetHCLKFreq
 .text.HAL_RCC_GetPCLK1Freq
                0x080062e0       0x28 ./Drivers/STM32F4xx_HAL_Driver/Src/stm32f4xx_hal_rcc.o
                0x080062e0                HAL_RCC_GetPCLK1Freq
 .text.HAL_RCC_GetPCLK2Freq
                0x08006308       0x28 ./Drivers/STM32F4xx_HAL_Driver/Src/stm32f4xx_hal_rcc.o
                0x08006308                HAL_RCC_GetPCLK2Freq
 .text.HAL_RCC_GetClockConfig
                0x08006330       0x64 ./Drivers/STM32F4xx_HAL_Driver/Src/stm32f4xx_hal_rcc.o
                0x08006330                HAL_RCC_GetClockConfig
 .text.HAL_RCC_GetSysClockFreq
                0x08006394      0x460 ./Drivers/STM32F4xx_HAL_Driver/Src/stm32f4xx_hal_rcc_ex.o
                0x08006394                HAL_RCC_GetSysClockFreq
 .text.HAL_RCC_OscConfig
                0x080067f4      0x53c ./Drivers/STM32F4xx_HAL_Driver/Src/stm32f4xx_hal_rcc_ex.o
                0x080067f4                HAL_RCC_OscConfig
 .text.HAL_SPI_Init
                0x08006d30      0x112 ./Drivers/STM32F4xx_HAL_Driver/Src/stm32f4xx_hal_spi.o
                0x08006d30                HAL_SPI_Init
 .text.HAL_SPI_Transmit
                0x08006e42      0x288 ./Drivers/STM32F4xx_HAL_Driver/Src/stm32f4xx_hal_spi.o
                0x08006e42                HAL_SPI_Transmit
 .text.HAL_SPI_Receive
                0x080070ca      0x232 ./Drivers/STM32F4xx_HAL_Driver/Src/stm32f4xx_hal_spi.o
                0x080070ca                HAL_SPI_Receive
 .text.HAL_SPI_TransmitReceive
                0x080072fc      0x352 ./Drivers/STM32F4xx_HAL_Driver/Src/stm32f4xx_hal_spi.o
                0x080072fc                HAL_SPI_TransmitReceive
 *fill*         0x0800764e        0x2 
 .text.SPI_WaitFlagStateUntilTimeout
                0x08007650      0x110 ./Drivers/STM32F4xx_HAL_Driver/Src/stm32f4xx_hal_spi.o
 .text.SPI_EndRxTransaction
                0x08007760       0xca ./Drivers/STM32F4xx_HAL_Driver/Src/stm32f4xx_hal_spi.o
 *fill*         0x0800782a        0x2 
 .text.SPI_EndRxTxTransaction
                0x0800782c       0xa8 ./Drivers/STM32F4xx_HAL_Driver/Src/stm32f4xx_hal_spi.o
 .text.HAL_TIM_Base_Init
                0x080078d4       0x9e ./Drivers/STM32F4xx_HAL_Driver/Src/stm32f4xx_hal_tim.o
                0x080078d4                HAL_TIM_Base_Init
 .text.HAL_TIM_Base_MspInit
                0x08007972       0x14 ./Drivers/STM32F4xx_HAL_Driver/Src/stm32f4xx_hal_tim.o
                0x08007972                HAL_TIM_Base_MspInit
 *fill*         0x08007986        0x2 
 .text.HAL_TIM_Base_Start_IT
                0x08007988       0xe0 ./Drivers/STM32F4xx_HAL_Driver/Src/stm32f4xx_hal_tim.o
                0x08007988                HAL_TIM_Base_Start_IT
 .text.HAL_TIM_IRQHandler
                0x08007a68      0x1e0 ./Drivers/STM32F4xx_HAL_Driver/Src/stm32f4xx_hal_tim.o
                0x08007a68                HAL_TIM_IRQHandler
 .text.HAL_TIM_OC_DelayElapsedCallback
                0x08007c48       0x14 ./Drivers/STM32F4xx_HAL_Driver/Src/stm32f4xx_hal_tim.o
                0x08007c48                HAL_TIM_OC_DelayElapsedCallback
 .text.HAL_TIM_IC_CaptureCallback
                0x08007c5c       0x14 ./Drivers/STM32F4xx_HAL_Driver/Src/stm32f4xx_hal_tim.o
                0x08007c5c                HAL_TIM_IC_CaptureCallback
 .text.HAL_TIM_PWM_PulseFinishedCallback
                0x08007c70       0x14 ./Drivers/STM32F4xx_HAL_Driver/Src/stm32f4xx_hal_tim.o
                0x08007c70                HAL_TIM_PWM_PulseFinishedCallback
 .text.HAL_TIM_TriggerCallback
                0x08007c84       0x14 ./Drivers/STM32F4xx_HAL_Driver/Src/stm32f4xx_hal_tim.o
                0x08007c84                HAL_TIM_TriggerCallback
 .text.TIM_Base_SetConfig
                0x08007c98      0x14c ./Drivers/STM32F4xx_HAL_Driver/Src/stm32f4xx_hal_tim.o
                0x08007c98                TIM_Base_SetConfig
 .text.HAL_TIMEx_CommutCallback
                0x08007de4       0x14 ./Drivers/STM32F4xx_HAL_Driver/Src/stm32f4xx_hal_tim_ex.o
                0x08007de4                HAL_TIMEx_CommutCallback
 .text.HAL_TIMEx_BreakCallback
                0x08007df8       0x14 ./Drivers/STM32F4xx_HAL_Driver/Src/stm32f4xx_hal_tim_ex.o
                0x08007df8                HAL_TIMEx_BreakCallback
 .text.HAL_UART_Init
                0x08007e0c       0xa0 ./Drivers/STM32F4xx_HAL_Driver/Src/stm32f4xx_hal_uart.o
                0x08007e0c                HAL_UART_Init
 .text.HAL_UART_Transmit
                0x08007eac      0x116 ./Drivers/STM32F4xx_HAL_Driver/Src/stm32f4xx_hal_uart.o
                0x08007eac                HAL_UART_Transmit
 .text.HAL_UART_Receive_IT
                0x08007fc2       0x4a ./Drivers/STM32F4xx_HAL_Driver/Src/stm32f4xx_hal_uart.o
                0x08007fc2                HAL_UART_Receive_IT
 .text.HAL_UART_IRQHandler
                0x0800800c      0x554 ./Drivers/STM32F4xx_HAL_Driver/Src/stm32f4xx_hal_uart.o
                0x0800800c                HAL_UART_IRQHandler
 .text.HAL_UART_TxCpltCallback
                0x08008560       0x14 ./Drivers/STM32F4xx_HAL_Driver/Src/stm32f4xx_hal_uart.o
                0x08008560                HAL_UART_TxCpltCallback
 .text.HAL_UART_ErrorCallback
                0x08008574       0x14 ./Drivers/STM32F4xx_HAL_Driver/Src/stm32f4xx_hal_uart.o
                0x08008574                HAL_UART_ErrorCallback
 .text.HAL_UARTEx_RxEventCallback
                0x08008588       0x18 ./Drivers/STM32F4xx_HAL_Driver/Src/stm32f4xx_hal_uart.o
                0x08008588                HAL_UARTEx_RxEventCallback
 .text.UART_WaitOnFlagUntilTimeout
                0x080085a0       0xb2 ./Drivers/STM32F4xx_HAL_Driver/Src/stm32f4xx_hal_uart.o
 .text.UART_Start_Receive_IT
                0x08008652       0x74 ./Drivers/STM32F4xx_HAL_Driver/Src/stm32f4xx_hal_uart.o
                0x08008652                UART_Start_Receive_IT
 .text.UART_EndRxTransfer
                0x080086c6       0xc6 ./Drivers/STM32F4xx_HAL_Driver/Src/stm32f4xx_hal_uart.o
 .text.UART_DMAAbortOnError
                0x0800878c       0x22 ./Drivers/STM32F4xx_HAL_Driver/Src/stm32f4xx_hal_uart.o
 .text.UART_Transmit_IT
                0x080087ae       0xa0 ./Drivers/STM32F4xx_HAL_Driver/Src/stm32f4xx_hal_uart.o
 .text.UART_EndTransmit_IT
                0x0800884e       0x30 ./Drivers/STM32F4xx_HAL_Driver/Src/stm32f4xx_hal_uart.o
 .text.UART_Receive_IT
                0x0800887e      0x17c ./Drivers/STM32F4xx_HAL_Driver/Src/stm32f4xx_hal_uart.o
 *fill*         0x080089fa        0x2 
 .text.UART_SetConfig
                0x080089fc      0x4e8 ./Drivers/STM32F4xx_HAL_Driver/Src/stm32f4xx_hal_uart.o
 .text.__NVIC_SetPriority
                0x08008ee4       0x54 ./Middlewares/Third_Party/FreeRTOS/Source/CMSIS_RTOS_V2/cmsis_os2.o
 .text.SysTick_Handler
                0x08008f38       0x20 ./Middlewares/Third_Party/FreeRTOS/Source/CMSIS_RTOS_V2/cmsis_os2.o
                0x08008f38                SysTick_Handler
 .text.SVC_Setup
                0x08008f58       0x12 ./Middlewares/Third_Party/FreeRTOS/Source/CMSIS_RTOS_V2/cmsis_os2.o
 *fill*         0x08008f6a        0x2 
 .text.osKernelInitialize
                0x08008f6c       0x48 ./Middlewares/Third_Party/FreeRTOS/Source/CMSIS_RTOS_V2/cmsis_os2.o
                0x08008f6c                osKernelInitialize
 .text.osKernelStart
                0x08008fb4       0x4c ./Middlewares/Third_Party/FreeRTOS/Source/CMSIS_RTOS_V2/cmsis_os2.o
                0x08008fb4                osKernelStart
 .text.vApplicationGetIdleTaskMemory
                0x08009000       0x34 ./Middlewares/Third_Party/FreeRTOS/Source/CMSIS_RTOS_V2/cmsis_os2.o
                0x08009000                vApplicationGetIdleTaskMemory
 .text.vApplicationGetTimerTaskMemory
                0x08009034       0x34 ./Middlewares/Third_Party/FreeRTOS/Source/CMSIS_RTOS_V2/cmsis_os2.o
                0x08009034                vApplicationGetTimerTaskMemory
 .text.xEventGroupCreate
                0x08009068       0x34 ./Middlewares/Third_Party/FreeRTOS/Source/event_groups.o
                0x08009068                xEventGroupCreate
 .text.xEventGroupClearBits
                0x0800909c       0x72 ./Middlewares/Third_Party/FreeRTOS/Source/event_groups.o
                0x0800909c                xEventGroupClearBits
 .text.xEventGroupSetBits
                0x0800910e      0x118 ./Middlewares/Third_Party/FreeRTOS/Source/event_groups.o
                0x0800910e                xEventGroupSetBits
 .text.vListInitialise
                0x08009226       0x40 ./Middlewares/Third_Party/FreeRTOS/Source/list.o
                0x08009226                vListInitialise
 .text.vListInitialiseItem
                0x08009266       0x1a ./Middlewares/Third_Party/FreeRTOS/Source/list.o
                0x08009266                vListInitialiseItem
 .text.vListInsertEnd
                0x08009280       0x48 ./Middlewares/Third_Party/FreeRTOS/Source/list.o
                0x08009280                vListInsertEnd
 .text.vListInsert
                0x080092c8       0x72 ./Middlewares/Third_Party/FreeRTOS/Source/list.o
                0x080092c8                vListInsert
 .text.uxListRemove
                0x0800933a       0x54 ./Middlewares/Third_Party/FreeRTOS/Source/list.o
                0x0800933a                uxListRemove
 *fill*         0x0800938e        0x2 
 .text.xQueueGenericReset
                0x08009390       0xd4 ./Middlewares/Third_Party/FreeRTOS/Source/queue.o
                0x08009390                xQueueGenericReset
 .text.xQueueGenericCreateStatic
                0x08009464       0xfa ./Middlewares/Third_Party/FreeRTOS/Source/queue.o
                0x08009464                xQueueGenericCreateStatic
 .text.xQueueGenericCreate
                0x0800955e       0x76 ./Middlewares/Third_Party/FreeRTOS/Source/queue.o
                0x0800955e                xQueueGenericCreate
 .text.prvInitialiseNewQueue
                0x080095d4       0x52 ./Middlewares/Third_Party/FreeRTOS/Source/queue.o
 .text.prvInitialiseMutex
                0x08009626       0x34 ./Middlewares/Third_Party/FreeRTOS/Source/queue.o
 .text.xQueueCreateMutex
                0x0800965a       0x30 ./Middlewares/Third_Party/FreeRTOS/Source/queue.o
                0x0800965a                xQueueCreateMutex
 *fill*         0x0800968a        0x2 
 .text.xQueueGenericSend
                0x0800968c      0x254 ./Middlewares/Third_Party/FreeRTOS/Source/queue.o
                0x0800968c                xQueueGenericSend
 .text.xQueueGenericSendFromISR
                0x080098e0      0x164 ./Middlewares/Third_Party/FreeRTOS/Source/queue.o
                0x080098e0                xQueueGenericSendFromISR
 .text.xQueueReceive
                0x08009a44      0x228 ./Middlewares/Third_Party/FreeRTOS/Source/queue.o
                0x08009a44                xQueueReceive
 .text.xQueueSemaphoreTake
                0x08009c6c      0x280 ./Middlewares/Third_Party/FreeRTOS/Source/queue.o
                0x08009c6c                xQueueSemaphoreTake
 .text.prvGetDisinheritPriorityAfterTimeout
                0x08009eec       0x30 ./Middlewares/Third_Party/FreeRTOS/Source/queue.o
 .text.prvCopyDataToQueue
                0x08009f1c       0xd4 ./Middlewares/Third_Party/FreeRTOS/Source/queue.o
 .text.prvCopyDataFromQueue
                0x08009ff0       0x4c ./Middlewares/Third_Party/FreeRTOS/Source/queue.o
 .text.prvUnlockQueue
                0x0800a03c       0xa4 ./Middlewares/Third_Party/FreeRTOS/Source/queue.o
 .text.prvIsQueueEmpty
                0x0800a0e0       0x2c ./Middlewares/Third_Party/FreeRTOS/Source/queue.o
 .text.prvIsQueueFull
                0x0800a10c       0x30 ./Middlewares/Third_Party/FreeRTOS/Source/queue.o
 .text.vQueueAddToRegistry
                0x0800a13c       0x64 ./Middlewares/Third_Party/FreeRTOS/Source/queue.o
                0x0800a13c                vQueueAddToRegistry
 .text.vQueueWaitForMessageRestricted
                0x0800a1a0       0x68 ./Middlewares/Third_Party/FreeRTOS/Source/queue.o
                0x0800a1a0                vQueueWaitForMessageRestricted
 .text.xTaskCreateStatic
                0x0800a208       0xc0 ./Middlewares/Third_Party/FreeRTOS/Source/tasks.o
                0x0800a208                xTaskCreateStatic
 .text.xTaskCreate
                0x0800a2c8       0x8a ./Middlewares/Third_Party/FreeRTOS/Source/tasks.o
                0x0800a2c8                xTaskCreate
 .text.prvInitialiseNewTask
                0x0800a352      0x120 ./Middlewares/Third_Party/FreeRTOS/Source/tasks.o
 *fill*         0x0800a472        0x2 
 .text.prvAddNewTaskToReadyList
                0x0800a474      0x11c ./Middlewares/Third_Party/FreeRTOS/Source/tasks.o
 .text.vTaskDelayUntil
                0x0800a590      0x108 ./Middlewares/Third_Party/FreeRTOS/Source/tasks.o
                0x0800a590                vTaskDelayUntil
 .text.vTaskDelay
                0x0800a698       0x74 ./Middlewares/Third_Party/FreeRTOS/Source/tasks.o
                0x0800a698                vTaskDelay
 .text.vTaskStartScheduler
                0x0800a70c       0xf8 ./Middlewares/Third_Party/FreeRTOS/Source/tasks.o
                0x0800a70c                vTaskStartScheduler
 .text.vTaskSuspendAll
                0x0800a804       0x1c ./Middlewares/Third_Party/FreeRTOS/Source/tasks.o
                0x0800a804                vTaskSuspendAll
 .text.xTaskResumeAll
                0x0800a820      0x144 ./Middlewares/Third_Party/FreeRTOS/Source/tasks.o
                0x0800a820                xTaskResumeAll
 .text.xTaskGetTickCount
                0x0800a964       0x20 ./Middlewares/Third_Party/FreeRTOS/Source/tasks.o
                0x0800a964                xTaskGetTickCount
 .text.xTaskGetTickCountFromISR
                0x0800a984       0x24 ./Middlewares/Third_Party/FreeRTOS/Source/tasks.o
                0x0800a984                xTaskGetTickCountFromISR
 .text.xTaskIncrementTick
                0x0800a9a8      0x17c ./Middlewares/Third_Party/FreeRTOS/Source/tasks.o
                0x0800a9a8                xTaskIncrementTick
 .text.vTaskSwitchContext
                0x0800ab24       0xe4 ./Middlewares/Third_Party/FreeRTOS/Source/tasks.o
                0x0800ab24                vTaskSwitchContext
 .text.vTaskPlaceOnEventList
                0x0800ac08       0x4c ./Middlewares/Third_Party/FreeRTOS/Source/tasks.o
                0x0800ac08                vTaskPlaceOnEventList
 .text.vTaskPlaceOnEventListRestricted
                0x0800ac54       0x60 ./Middlewares/Third_Party/FreeRTOS/Source/tasks.o
                0x0800ac54                vTaskPlaceOnEventListRestricted
 .text.xTaskRemoveFromEventList
                0x0800acb4       0xd0 ./Middlewares/Third_Party/FreeRTOS/Source/tasks.o
                0x0800acb4                xTaskRemoveFromEventList
 .text.vTaskRemoveFromUnorderedEventList
                0x0800ad84       0xd0 ./Middlewares/Third_Party/FreeRTOS/Source/tasks.o
                0x0800ad84                vTaskRemoveFromUnorderedEventList
 .text.vTaskInternalSetTimeOutState
                0x0800ae54       0x2c ./Middlewares/Third_Party/FreeRTOS/Source/tasks.o
                0x0800ae54                vTaskInternalSetTimeOutState
 .text.xTaskCheckForTimeOut
                0x0800ae80       0xc8 ./Middlewares/Third_Party/FreeRTOS/Source/tasks.o
                0x0800ae80                xTaskCheckForTimeOut
 .text.vTaskMissedYield
                0x0800af48       0x18 ./Middlewares/Third_Party/FreeRTOS/Source/tasks.o
                0x0800af48                vTaskMissedYield
 .text.prvIdleTask
                0x0800af60       0x30 ./Middlewares/Third_Party/FreeRTOS/Source/tasks.o
 .text.prvInitialiseTaskLists
                0x0800af90       0x80 ./Middlewares/Third_Party/FreeRTOS/Source/tasks.o
 .text.prvCheckTasksWaitingTermination
                0x0800b010       0x5c ./Middlewares/Third_Party/FreeRTOS/Source/tasks.o
 .text.prvTaskCheckFreeStackSpace
                0x0800b06c       0x38 ./Middlewares/Third_Party/FreeRTOS/Source/tasks.o
 .text.uxTaskGetStackHighWaterMark
                0x0800b0a4       0x38 ./Middlewares/Third_Party/FreeRTOS/Source/tasks.o
                0x0800b0a4                uxTaskGetStackHighWaterMark
 .text.prvDeleteTCB
                0x0800b0dc       0x60 ./Middlewares/Third_Party/FreeRTOS/Source/tasks.o
 .text.prvResetNextTaskUnblockTime
                0x0800b13c       0x40 ./Middlewares/Third_Party/FreeRTOS/Source/tasks.o
 .text.xTaskGetSchedulerState
                0x0800b17c       0x3c ./Middlewares/Third_Party/FreeRTOS/Source/tasks.o
                0x0800b17c                xTaskGetSchedulerState
 .text.xTaskPriorityInherit
                0x0800b1b8       0xe4 ./Middlewares/Third_Party/FreeRTOS/Source/tasks.o
                0x0800b1b8                xTaskPriorityInherit
 .text.xTaskPriorityDisinherit
                0x0800b29c       0xf0 ./Middlewares/Third_Party/FreeRTOS/Source/tasks.o
                0x0800b29c                xTaskPriorityDisinherit
 .text.vTaskPriorityDisinheritAfterTimeout
                0x0800b38c      0x118 ./Middlewares/Third_Party/FreeRTOS/Source/tasks.o
                0x0800b38c                vTaskPriorityDisinheritAfterTimeout
 .text.pvTaskIncrementMutexHeldCount
                0x0800b4a4       0x28 ./Middlewares/Third_Party/FreeRTOS/Source/tasks.o
                0x0800b4a4                pvTaskIncrementMutexHeldCount
 .text.prvAddCurrentTaskToDelayedList
                0x0800b4cc       0xa8 ./Middlewares/Third_Party/FreeRTOS/Source/tasks.o
 .text.xTimerCreateTimerTask
                0x0800b574       0x94 ./Middlewares/Third_Party/FreeRTOS/Source/timers.o
                0x0800b574                xTimerCreateTimerTask
 .text.xTimerGenericCommand
                0x0800b608       0x9c ./Middlewares/Third_Party/FreeRTOS/Source/timers.o
                0x0800b608                xTimerGenericCommand
 .text.prvProcessExpiredTimer
                0x0800b6a4       0x9c ./Middlewares/Third_Party/FreeRTOS/Source/timers.o
 .text.prvTimerTask
                0x0800b740       0x26 ./Middlewares/Third_Party/FreeRTOS/Source/timers.o
 *fill*         0x0800b766        0x2 
 .text.prvProcessTimerOrBlockTask
                0x0800b768       0x9c ./Middlewares/Third_Party/FreeRTOS/Source/timers.o
 .text.prvGetNextExpireTime
                0x0800b804       0x48 ./Middlewares/Third_Party/FreeRTOS/Source/timers.o
 .text.prvSampleTimeNow
                0x0800b84c       0x40 ./Middlewares/Third_Party/FreeRTOS/Source/timers.o
 .text.prvInsertTimerInActiveList
                0x0800b88c       0x84 ./Middlewares/Third_Party/FreeRTOS/Source/timers.o
 .text.prvProcessReceivedCommands
                0x0800b910      0x1cc ./Middlewares/Third_Party/FreeRTOS/Source/timers.o
 .text.prvSwitchTimerLists
                0x0800badc       0xcc ./Middlewares/Third_Party/FreeRTOS/Source/timers.o
 .text.prvCheckForValidListAndQueue
                0x0800bba8       0x80 ./Middlewares/Third_Party/FreeRTOS/Source/timers.o
 .text.pxPortInitialiseStack
                0x0800bc28       0x68 ./Middlewares/Third_Party/FreeRTOS/Source/portable/GCC/ARM_CM4F/port.o
                0x0800bc28                pxPortInitialiseStack
 .text.prvTaskExitError
                0x0800bc90       0x5c ./Middlewares/Third_Party/FreeRTOS/Source/portable/GCC/ARM_CM4F/port.o
 *fill*         0x0800bcec        0x4 
 .text.SVC_Handler
                0x0800bcf0       0x28 ./Middlewares/Third_Party/FreeRTOS/Source/portable/GCC/ARM_CM4F/port.o
                0x0800bcf0                SVC_Handler
 .text.prvPortStartFirstTask
                0x0800bd18       0x28 ./Middlewares/Third_Party/FreeRTOS/Source/portable/GCC/ARM_CM4F/port.o
 .text.xPortStartScheduler
                0x0800bd40      0x148 ./Middlewares/Third_Party/FreeRTOS/Source/portable/GCC/ARM_CM4F/port.o
                0x0800bd40                xPortStartScheduler
 .text.vPortEnterCritical
                0x0800be88       0x64 ./Middlewares/Third_Party/FreeRTOS/Source/portable/GCC/ARM_CM4F/port.o
                0x0800be88                vPortEnterCritical
 .text.vPortExitCritical
                0x0800beec       0x54 ./Middlewares/Third_Party/FreeRTOS/Source/portable/GCC/ARM_CM4F/port.o
                0x0800beec                vPortExitCritical
 .text.PendSV_Handler
                0x0800bf40       0x68 ./Middlewares/Third_Party/FreeRTOS/Source/portable/GCC/ARM_CM4F/port.o
                0x0800bf40                PendSV_Handler
 .text.xPortSysTickHandler
                0x0800bfa8       0x44 ./Middlewares/Third_Party/FreeRTOS/Source/portable/GCC/ARM_CM4F/port.o
                0x0800bfa8                xPortSysTickHandler
 .text.vPortSetupTimerInterrupt
                0x0800bfec       0x48 ./Middlewares/Third_Party/FreeRTOS/Source/portable/GCC/ARM_CM4F/port.o
                0x0800bfec                vPortSetupTimerInterrupt
 .text.vPortEnableVFP
                0x0800c034       0x14 ./Middlewares/Third_Party/FreeRTOS/Source/portable/GCC/ARM_CM4F/port.o
 .text.vPortValidateInterruptPriority
                0x0800c048       0x84 ./Middlewares/Third_Party/FreeRTOS/Source/portable/GCC/ARM_CM4F/port.o
                0x0800c048                vPortValidateInterruptPriority
 .text.pvPortMalloc
                0x0800c0cc      0x19c ./Middlewares/Third_Party/FreeRTOS/Source/portable/MemMang/heap_4.o
                0x0800c0cc                pvPortMalloc
 .text.vPortFree
                0x0800c268       0xc8 ./Middlewares/Third_Party/FreeRTOS/Source/portable/MemMang/heap_4.o
                0x0800c268                vPortFree
 .text.xPortGetFreeHeapSize
                0x0800c330       0x18 ./Middlewares/Third_Party/FreeRTOS/Source/portable/MemMang/heap_4.o
                0x0800c330                xPortGetFreeHeapSize
 .text.xPortGetMinimumEverFreeHeapSize
                0x0800c348       0x18 ./Middlewares/Third_Party/FreeRTOS/Source/portable/MemMang/heap_4.o
                0x0800c348                xPortGetMinimumEverFreeHeapSize
 .text.prvHeapInit
                0x0800c360       0xc4 ./Middlewares/Third_Party/FreeRTOS/Source/portable/MemMang/heap_4.o
 .text.prvInsertBlockIntoFreeList
                0x0800c424       0xb4 ./Middlewares/Third_Party/FreeRTOS/Source/portable/MemMang/heap_4.o
 .text._DoInit  0x0800c4d8       0xb4 ./ThirdParty/SEGGER/RTT/SEGGER_RTT.o
 .text.SEGGER_RTT_ReadNoLock
                0x0800c58c      0x10c ./ThirdParty/SEGGER/RTT/SEGGER_RTT.o
                0x0800c58c                SEGGER_RTT_ReadNoLock
 .text.SEGGER_RTT_AllocUpBuffer
                0x0800c698      0x108 ./ThirdParty/SEGGER/RTT/SEGGER_RTT.o
                0x0800c698                SEGGER_RTT_AllocUpBuffer
 .text.SEGGER_RTT_ConfigDownBuffer
                0x0800c7a0       0x98 ./ThirdParty/SEGGER/RTT/SEGGER_RTT.o
                0x0800c7a0                SEGGER_RTT_ConfigDownBuffer
 .text._EncodeStr
                0x0800c838       0x72 ./ThirdParty/SEGGER/SystemView/SEGGER_SYSVIEW.o
 .text._PreparePacket
                0x0800c8aa       0x18 ./ThirdParty/SEGGER/SystemView/SEGGER_SYSVIEW.o
 *fill*         0x0800c8c2        0x2 
 .text._HandleIncomingPacket
                0x0800c8c4       0xdc ./ThirdParty/SEGGER/SystemView/SEGGER_SYSVIEW.o
 .text._CheckDownBuffer
                0x0800c9a0       0x68 ./ThirdParty/SEGGER/SystemView/SEGGER_SYSVIEW.o
 .text._TrySendOverflowPacket
                0x0800ca08       0xde ./ThirdParty/SEGGER/SystemView/SEGGER_SYSVIEW.o
 *fill*         0x0800cae6        0x2 
 .text._SendPacket
                0x0800cae8      0x1e8 ./ThirdParty/SEGGER/SystemView/SEGGER_SYSVIEW.o
 .text._SendPacket_Ex
                0x0800ccd0       0xe8 ./ThirdParty/SEGGER/SystemView/SEGGER_SYSVIEW.o
 .text._SendStartEvent
                0x0800cdb8       0x48 ./ThirdParty/SEGGER/SystemView/SEGGER_SYSVIEW.o
                0x0800cdb8                _SendStartEvent
 .text._SendInitEvent
                0x0800ce00      0x172 ./ThirdParty/SEGGER/SystemView/SEGGER_SYSVIEW.o
                0x0800ce00                _SendInitEvent
 *fill*         0x0800cf72        0x2 
 .text._RecordSystime
                0x0800cf74      0x170 ./ThirdParty/SEGGER/SystemView/SEGGER_SYSVIEW.o
                0x0800cf74                _RecordSystime
 .text.SEGGER_SYSVIEW_Init
                0x0800d0e4       0x2a ./ThirdParty/SEGGER/SystemView/SEGGER_SYSVIEW.o
                0x0800d0e4                SEGGER_SYSVIEW_Init
 *fill*         0x0800d10e        0x2 
 .text.SEGGER_SYSVIEW_Init_Ex
                0x0800d110       0x90 ./ThirdParty/SEGGER/SystemView/SEGGER_SYSVIEW.o
                0x0800d110                SEGGER_SYSVIEW_Init_Ex
 .text.SEGGER_SYSVIEW_SetRAMBase
                0x0800d1a0       0x20 ./ThirdParty/SEGGER/SystemView/SEGGER_SYSVIEW.o
                0x0800d1a0                SEGGER_SYSVIEW_SetRAMBase
 .text.SEGGER_SYSVIEW_RecordVoid
                0x0800d1c0       0x3c ./ThirdParty/SEGGER/SystemView/SEGGER_SYSVIEW.o
                0x0800d1c0                SEGGER_SYSVIEW_RecordVoid
 .text.SEGGER_SYSVIEW_RecordU32
                0x0800d1fc       0x78 ./ThirdParty/SEGGER/SystemView/SEGGER_SYSVIEW.o
                0x0800d1fc                SEGGER_SYSVIEW_RecordU32
 .text.SEGGER_SYSVIEW_RecordU32x2
                0x0800d274       0xb4 ./ThirdParty/SEGGER/SystemView/SEGGER_SYSVIEW.o
                0x0800d274                SEGGER_SYSVIEW_RecordU32x2
 .text.SEGGER_SYSVIEW_RecordU32x3
                0x0800d328       0xec ./ThirdParty/SEGGER/SystemView/SEGGER_SYSVIEW.o
                0x0800d328                SEGGER_SYSVIEW_RecordU32x3
 .text.SEGGER_SYSVIEW_RecordU32x4
                0x0800d414      0x124 ./ThirdParty/SEGGER/SystemView/SEGGER_SYSVIEW.o
                0x0800d414                SEGGER_SYSVIEW_RecordU32x4
 .text.SEGGER_SYSVIEW_Start
                0x0800d538       0x40 ./ThirdParty/SEGGER/SystemView/SEGGER_SYSVIEW.o
                0x0800d538                SEGGER_SYSVIEW_Start
 .text.SEGGER_SYSVIEW_Start_Ex
                0x0800d578       0x60 ./ThirdParty/SEGGER/SystemView/SEGGER_SYSVIEW.o
                0x0800d578                SEGGER_SYSVIEW_Start_Ex
 .text.SEGGER_SYSVIEW_Stop
                0x0800d5d8       0x20 ./ThirdParty/SEGGER/SystemView/SEGGER_SYSVIEW.o
                0x0800d5d8                SEGGER_SYSVIEW_Stop
 .text.SEGGER_SYSVIEW_Stop_Ex
                0x0800d5f8       0x54 ./ThirdParty/SEGGER/SystemView/SEGGER_SYSVIEW.o
                0x0800d5f8                SEGGER_SYSVIEW_Stop_Ex
 .text.SEGGER_SYSVIEW_GetSysDesc
                0x0800d64c      0x134 ./ThirdParty/SEGGER/SystemView/SEGGER_SYSVIEW.o
                0x0800d64c                SEGGER_SYSVIEW_GetSysDesc
 .text.SEGGER_SYSVIEW_SendTaskInfo
                0x0800d780      0x1c8 ./ThirdParty/SEGGER/SystemView/SEGGER_SYSVIEW.o
                0x0800d780                SEGGER_SYSVIEW_SendTaskInfo
 .text.SEGGER_SYSVIEW_SendTaskList
                0x0800d948       0x28 ./ThirdParty/SEGGER/SystemView/SEGGER_SYSVIEW.o
                0x0800d948                SEGGER_SYSVIEW_SendTaskList
 .text.SEGGER_SYSVIEW_SendSysDesc
                0x0800d970       0x48 ./ThirdParty/SEGGER/SystemView/SEGGER_SYSVIEW.o
                0x0800d970                SEGGER_SYSVIEW_SendSysDesc
 .text.SEGGER_SYSVIEW_RecordSystime
                0x0800d9b8       0x64 ./ThirdParty/SEGGER/SystemView/SEGGER_SYSVIEW.o
                0x0800d9b8                SEGGER_SYSVIEW_RecordSystime
 .text.SEGGER_SYSVIEW_OnIdle
                0x0800da1c       0x38 ./ThirdParty/SEGGER/SystemView/SEGGER_SYSVIEW.o
                0x0800da1c                SEGGER_SYSVIEW_OnIdle
 .text.SEGGER_SYSVIEW_OnTaskCreate
                0x0800da54       0x84 ./ThirdParty/SEGGER/SystemView/SEGGER_SYSVIEW.o
                0x0800da54                SEGGER_SYSVIEW_OnTaskCreate
 .text.SEGGER_SYSVIEW_OnTaskStartExec
                0x0800dad8       0x84 ./ThirdParty/SEGGER/SystemView/SEGGER_SYSVIEW.o
                0x0800dad8                SEGGER_SYSVIEW_OnTaskStartExec
 .text.SEGGER_SYSVIEW_OnTaskStartReady
                0x0800db5c       0x84 ./ThirdParty/SEGGER/SystemView/SEGGER_SYSVIEW.o
                0x0800db5c                SEGGER_SYSVIEW_OnTaskStartReady
 .text.SEGGER_SYSVIEW_ShrinkId
                0x0800dbe0       0x20 ./ThirdParty/SEGGER/SystemView/SEGGER_SYSVIEW.o
                0x0800dbe0                SEGGER_SYSVIEW_ShrinkId
 .text.SEGGER_SYSVIEW_SendModule
                0x0800dc00      0x114 ./ThirdParty/SEGGER/SystemView/SEGGER_SYSVIEW.o
                0x0800dc00                SEGGER_SYSVIEW_SendModule
 .text.SEGGER_SYSVIEW_SendModuleDescription
                0x0800dd14       0x3c ./ThirdParty/SEGGER/SystemView/SEGGER_SYSVIEW.o
                0x0800dd14                SEGGER_SYSVIEW_SendModuleDescription
 .text.SEGGER_SYSVIEW_SendNumModules
                0x0800dd50       0x7c ./ThirdParty/SEGGER/SystemView/SEGGER_SYSVIEW.o
                0x0800dd50                SEGGER_SYSVIEW_SendNumModules
 .text.SEGGER_SYSVIEW_Warn
                0x0800ddcc       0xb8 ./ThirdParty/SEGGER/SystemView/SEGGER_SYSVIEW.o
                0x0800ddcc                SEGGER_SYSVIEW_Warn
 .text._cbSendSystemDesc
                0x0800de84       0x1c ./ThirdParty/SEGGER/SystemView/SEGGER_SYSVIEW_Config_FreeRTOS.o
 .text.SEGGER_SYSVIEW_Conf
                0x0800dea0       0x2c ./ThirdParty/SEGGER/SystemView/SEGGER_SYSVIEW_Config_FreeRTOS.o
                0x0800dea0                SEGGER_SYSVIEW_Conf
 .text._cbSendTaskList
                0x0800decc       0xbc ./ThirdParty/SEGGER/SystemView/SEGGER_SYSVIEW_FreeRTOS.o
 .text._cbGetTime
                0x0800df88       0x86 ./ThirdParty/SEGGER/SystemView/SEGGER_SYSVIEW_FreeRTOS.o
 *fill*         0x0800e00e        0x2 
 .text.SYSVIEW_AddTask
                0x0800e010       0xd0 ./ThirdParty/SEGGER/SystemView/SEGGER_SYSVIEW_FreeRTOS.o
                0x0800e010                SYSVIEW_AddTask
 .text.SYSVIEW_SendTaskInfo
                0x0800e0e0       0x42 ./ThirdParty/SEGGER/SystemView/SEGGER_SYSVIEW_FreeRTOS.o
                0x0800e0e0                SYSVIEW_SendTaskInfo
 *fill*         0x0800e122        0x2 
 .text._strtol_l.isra.0
                0x0800e124       0xf4 C:/ST/STM32CubeIDE_2.2.0/STM32CubeIDE/plugins/com.st.stm32cube.ide.mcu.externaltools.gnu-tools-for-stm32.14.3.rel1.win32_1.0.100.202602081740/tools/bin/../lib/gcc/arm-none-eabi/14.3.1/../../../../arm-none-eabi/lib/thumb/v7e-m+fp/hard\libc_nano.a(libc_a-strtol.o)
 .text.strtol   0x0800e218       0x14 C:/ST/STM32CubeIDE_2.2.0/STM32CubeIDE/plugins/com.st.stm32cube.ide.mcu.externaltools.gnu-tools-for-stm32.14.3.rel1.win32_1.0.100.202602081740/tools/bin/../lib/gcc/arm-none-eabi/14.3.1/../../../../arm-none-eabi/lib/thumb/v7e-m+fp/hard\libc_nano.a(libc_a-strtol.o)
                0x0800e218                strtol
 .text._strtoul_l.isra.0
                0x0800e22c       0xdc C:/ST/STM32CubeIDE_2.2.0/STM32CubeIDE/plugins/com.st.stm32cube.ide.mcu.externaltools.gnu-tools-for-stm32.14.3.rel1.win32_1.0.100.202602081740/tools/bin/../lib/gcc/arm-none-eabi/14.3.1/../../../../arm-none-eabi/lib/thumb/v7e-m+fp/hard\libc_nano.a(libc_a-strtoul.o)
 .text.strtoul  0x0800e308       0x14 C:/ST/STM32CubeIDE_2.2.0/STM32CubeIDE/plugins/com.st.stm32cube.ide.mcu.externaltools.gnu-tools-for-stm32.14.3.rel1.win32_1.0.100.202602081740/tools/bin/../lib/gcc/arm-none-eabi/14.3.1/../../../../arm-none-eabi/lib/thumb/v7e-m+fp/hard\libc_nano.a(libc_a-strtoul.o)
                0x0800e308                strtoul
 .text.__cvt    0x0800e31c       0xca C:/ST/STM32CubeIDE_2.2.0/STM32CubeIDE/plugins/com.st.stm32cube.ide.mcu.externaltools.gnu-tools-for-stm32.14.3.rel1.win32_1.0.100.202602081740/tools/bin/../lib/gcc/arm-none-eabi/14.3.1/../../../../arm-none-eabi/lib/thumb/v7e-m+fp/hard\libc_nano.a(libc_a-nano-vfprintf_float.o)
                0x0800e31c                __cvt
 .text.__exponent
                0x0800e3e6       0x74 C:/ST/STM32CubeIDE_2.2.0/STM32CubeIDE/plugins/com.st.stm32cube.ide.mcu.externaltools.gnu-tools-for-stm32.14.3.rel1.win32_1.0.100.202602081740/tools/bin/../lib/gcc/arm-none-eabi/14.3.1/../../../../arm-none-eabi/lib/thumb/v7e-m+fp/hard\libc_nano.a(libc_a-nano-vfprintf_float.o)
                0x0800e3e6                __exponent
 *fill*         0x0800e45a        0x2 
 .text._printf_float
                0x0800e45c      0x450 C:/ST/STM32CubeIDE_2.2.0/STM32CubeIDE/plugins/com.st.stm32cube.ide.mcu.externaltools.gnu-tools-for-stm32.14.3.rel1.win32_1.0.100.202602081740/tools/bin/../lib/gcc/arm-none-eabi/14.3.1/../../../../arm-none-eabi/lib/thumb/v7e-m+fp/hard\libc_nano.a(libc_a-nano-vfprintf_float.o)
                0x0800e45c                _printf_float
 .text._printf_common
                0x0800e8ac       0xda C:/ST/STM32CubeIDE_2.2.0/STM32CubeIDE/plugins/com.st.stm32cube.ide.mcu.externaltools.gnu-tools-for-stm32.14.3.rel1.win32_1.0.100.202602081740/tools/bin/../lib/gcc/arm-none-eabi/14.3.1/../../../../arm-none-eabi/lib/thumb/v7e-m+fp/hard\libc_nano.a(libc_a-nano-vfprintf_i.o)
                0x0800e8ac                _printf_common
 *fill*         0x0800e986        0x2 
 .text._printf_i
                0x0800e988      0x24c C:/ST/STM32CubeIDE_2.2.0/STM32CubeIDE/plugins/com.st.stm32cube.ide.mcu.externaltools.gnu-tools-for-stm32.14.3.rel1.win32_1.0.100.202602081740/tools/bin/../lib/gcc/arm-none-eabi/14.3.1/../../../../arm-none-eabi/lib/thumb/v7e-m+fp/hard\libc_nano.a(libc_a-nano-vfprintf_i.o)
                0x0800e988                _printf_i
 .text.std      0x0800ebd4       0x6c C:/ST/STM32CubeIDE_2.2.0/STM32CubeIDE/plugins/com.st.stm32cube.ide.mcu.externaltools.gnu-tools-for-stm32.14.3.rel1.win32_1.0.100.202602081740/tools/bin/../lib/gcc/arm-none-eabi/14.3.1/../../../../arm-none-eabi/lib/thumb/v7e-m+fp/hard\libc_nano.a(libc_a-findfp.o)
 .text.stdio_exit_handler
                0x0800ec40       0x18 C:/ST/STM32CubeIDE_2.2.0/STM32CubeIDE/plugins/com.st.stm32cube.ide.mcu.externaltools.gnu-tools-for-stm32.14.3.rel1.win32_1.0.100.202602081740/tools/bin/../lib/gcc/arm-none-eabi/14.3.1/../../../../arm-none-eabi/lib/thumb/v7e-m+fp/hard\libc_nano.a(libc_a-findfp.o)
 .text.cleanup_stdio
                0x0800ec58       0x40 C:/ST/STM32CubeIDE_2.2.0/STM32CubeIDE/plugins/com.st.stm32cube.ide.mcu.externaltools.gnu-tools-for-stm32.14.3.rel1.win32_1.0.100.202602081740/tools/bin/../lib/gcc/arm-none-eabi/14.3.1/../../../../arm-none-eabi/lib/thumb/v7e-m+fp/hard\libc_nano.a(libc_a-findfp.o)
 .text.global_stdio_init.part.0
                0x0800ec98       0x40 C:/ST/STM32CubeIDE_2.2.0/STM32CubeIDE/plugins/com.st.stm32cube.ide.mcu.externaltools.gnu-tools-for-stm32.14.3.rel1.win32_1.0.100.202602081740/tools/bin/../lib/gcc/arm-none-eabi/14.3.1/../../../../arm-none-eabi/lib/thumb/v7e-m+fp/hard\libc_nano.a(libc_a-findfp.o)
 .text.__sfp_lock_acquire
                0x0800ecd8        0xc C:/ST/STM32CubeIDE_2.2.0/STM32CubeIDE/plugins/com.st.stm32cube.ide.mcu.externaltools.gnu-tools-for-stm32.14.3.rel1.win32_1.0.100.202602081740/tools/bin/../lib/gcc/arm-none-eabi/14.3.1/../../../../arm-none-eabi/lib/thumb/v7e-m+fp/hard\libc_nano.a(libc_a-findfp.o)
                0x0800ecd8                __sfp_lock_acquire
 .text.__sfp_lock_release
                0x0800ece4        0xc C:/ST/STM32CubeIDE_2.2.0/STM32CubeIDE/plugins/com.st.stm32cube.ide.mcu.externaltools.gnu-tools-for-stm32.14.3.rel1.win32_1.0.100.202602081740/tools/bin/../lib/gcc/arm-none-eabi/14.3.1/../../../../arm-none-eabi/lib/thumb/v7e-m+fp/hard\libc_nano.a(libc_a-findfp.o)
                0x0800ece4                __sfp_lock_release
 .text.__sinit  0x0800ecf0       0x30 C:/ST/STM32CubeIDE_2.2.0/STM32CubeIDE/plugins/com.st.stm32cube.ide.mcu.externaltools.gnu-tools-for-stm32.14.3.rel1.win32_1.0.100.202602081740/tools/bin/../lib/gcc/arm-none-eabi/14.3.1/../../../../arm-none-eabi/lib/thumb/v7e-m+fp/hard\libc_nano.a(libc_a-findfp.o)
                0x0800ecf0                __sinit
 .text._fwalk_sglue
                0x0800ed20       0x3c C:/ST/STM32CubeIDE_2.2.0/STM32CubeIDE/plugins/com.st.stm32cube.ide.mcu.externaltools.gnu-tools-for-stm32.14.3.rel1.win32_1.0.100.202602081740/tools/bin/../lib/gcc/arm-none-eabi/14.3.1/../../../../arm-none-eabi/lib/thumb/v7e-m+fp/hard\libc_nano.a(libc_a-fwalk.o)
                0x0800ed20                _fwalk_sglue
 .text.printf   0x0800ed5c       0x24 C:/ST/STM32CubeIDE_2.2.0/STM32CubeIDE/plugins/com.st.stm32cube.ide.mcu.externaltools.gnu-tools-for-stm32.14.3.rel1.win32_1.0.100.202602081740/tools/bin/../lib/gcc/arm-none-eabi/14.3.1/../../../../arm-none-eabi/lib/thumb/v7e-m+fp/hard\libc_nano.a(libc_a-printf.o)
                0x0800ed5c                iprintf
                0x0800ed5c                printf
 .text._puts_r  0x0800ed80       0xaa C:/ST/STM32CubeIDE_2.2.0/STM32CubeIDE/plugins/com.st.stm32cube.ide.mcu.externaltools.gnu-tools-for-stm32.14.3.rel1.win32_1.0.100.202602081740/tools/bin/../lib/gcc/arm-none-eabi/14.3.1/../../../../arm-none-eabi/lib/thumb/v7e-m+fp/hard\libc_nano.a(libc_a-puts.o)
                0x0800ed80                _puts_r
 *fill*         0x0800ee2a        0x2 
 .text.puts     0x0800ee2c       0x10 C:/ST/STM32CubeIDE_2.2.0/STM32CubeIDE/plugins/com.st.stm32cube.ide.mcu.externaltools.gnu-tools-for-stm32.14.3.rel1.win32_1.0.100.202602081740/tools/bin/../lib/gcc/arm-none-eabi/14.3.1/../../../../arm-none-eabi/lib/thumb/v7e-m+fp/hard\libc_nano.a(libc_a-puts.o)
                0x0800ee2c                puts
 .text.__sread  0x0800ee3c       0x22 C:/ST/STM32CubeIDE_2.2.0/STM32CubeIDE/plugins/com.st.stm32cube.ide.mcu.externaltools.gnu-tools-for-stm32.14.3.rel1.win32_1.0.100.202602081740/tools/bin/../lib/gcc/arm-none-eabi/14.3.1/../../../../arm-none-eabi/lib/thumb/v7e-m+fp/hard\libc_nano.a(libc_a-stdio.o)
                0x0800ee3c                __sread
 .text.__swrite
                0x0800ee5e       0x38 C:/ST/STM32CubeIDE_2.2.0/STM32CubeIDE/plugins/com.st.stm32cube.ide.mcu.externaltools.gnu-tools-for-stm32.14.3.rel1.win32_1.0.100.202602081740/tools/bin/../lib/gcc/arm-none-eabi/14.3.1/../../../../arm-none-eabi/lib/thumb/v7e-m+fp/hard\libc_nano.a(libc_a-stdio.o)
                0x0800ee5e                __swrite
 .text.__sseek  0x0800ee96       0x26 C:/ST/STM32CubeIDE_2.2.0/STM32CubeIDE/plugins/com.st.stm32cube.ide.mcu.externaltools.gnu-tools-for-stm32.14.3.rel1.win32_1.0.100.202602081740/tools/bin/../lib/gcc/arm-none-eabi/14.3.1/../../../../arm-none-eabi/lib/thumb/v7e-m+fp/hard\libc_nano.a(libc_a-stdio.o)
                0x0800ee96                __sseek
 .text.__sclose
                0x0800eebc        0x8 C:/ST/STM32CubeIDE_2.2.0/STM32CubeIDE/plugins/com.st.stm32cube.ide.mcu.externaltools.gnu-tools-for-stm32.14.3.rel1.win32_1.0.100.202602081740/tools/bin/../lib/gcc/arm-none-eabi/14.3.1/../../../../arm-none-eabi/lib/thumb/v7e-m+fp/hard\libc_nano.a(libc_a-stdio.o)
                0x0800eebc                __sclose
 .text._vsnprintf_r
                0x0800eec4       0x5c C:/ST/STM32CubeIDE_2.2.0/STM32CubeIDE/plugins/com.st.stm32cube.ide.mcu.externaltools.gnu-tools-for-stm32.14.3.rel1.win32_1.0.100.202602081740/tools/bin/../lib/gcc/arm-none-eabi/14.3.1/../../../../arm-none-eabi/lib/thumb/v7e-m+fp/hard\libc_nano.a(libc_a-vsnprintf.o)
                0x0800eec4                _vsniprintf_r
                0x0800eec4                _vsnprintf_r
 .text.vsnprintf
                0x0800ef20       0x1c C:/ST/STM32CubeIDE_2.2.0/STM32CubeIDE/plugins/com.st.stm32cube.ide.mcu.externaltools.gnu-tools-for-stm32.14.3.rel1.win32_1.0.100.202602081740/tools/bin/../lib/gcc/arm-none-eabi/14.3.1/../../../../arm-none-eabi/lib/thumb/v7e-m+fp/hard\libc_nano.a(libc_a-vsnprintf.o)
                0x0800ef20                vsniprintf
                0x0800ef20                vsnprintf
 .text.__swbuf_r
                0x0800ef3c       0x7c C:/ST/STM32CubeIDE_2.2.0/STM32CubeIDE/plugins/com.st.stm32cube.ide.mcu.externaltools.gnu-tools-for-stm32.14.3.rel1.win32_1.0.100.202602081740/tools/bin/../lib/gcc/arm-none-eabi/14.3.1/../../../../arm-none-eabi/lib/thumb/v7e-m+fp/hard\libc_nano.a(libc_a-wbuf.o)
                0x0800ef3c                __swbuf_r
 .text.__swsetup_r
                0x0800efb8       0xa8 C:/ST/STM32CubeIDE_2.2.0/STM32CubeIDE/plugins/com.st.stm32cube.ide.mcu.externaltools.gnu-tools-for-stm32.14.3.rel1.win32_1.0.100.202602081740/tools/bin/../lib/gcc/arm-none-eabi/14.3.1/../../../../arm-none-eabi/lib/thumb/v7e-m+fp/hard\libc_nano.a(libc_a-wsetup.o)
                0x0800efb8                __swsetup_r
 .text.memcmp   0x0800f060       0x20 C:/ST/STM32CubeIDE_2.2.0/STM32CubeIDE/plugins/com.st.stm32cube.ide.mcu.externaltools.gnu-tools-for-stm32.14.3.rel1.win32_1.0.100.202602081740/tools/bin/../lib/gcc/arm-none-eabi/14.3.1/../../../../arm-none-eabi/lib/thumb/v7e-m+fp/hard\libc_nano.a(libc_a-memcmp.o)
                0x0800f060                memcmp
 .text.memset   0x0800f080       0x10 C:/ST/STM32CubeIDE_2.2.0/STM32CubeIDE/plugins/com.st.stm32cube.ide.mcu.externaltools.gnu-tools-for-stm32.14.3.rel1.win32_1.0.100.202602081740/tools/bin/../lib/gcc/arm-none-eabi/14.3.1/../../../../arm-none-eabi/lib/thumb/v7e-m+fp/hard\libc_nano.a(libc_a-memset.o)
                0x0800f080                memset
 .text.strncmp  0x0800f090       0x24 C:/ST/STM32CubeIDE_2.2.0/STM32CubeIDE/plugins/com.st.stm32cube.ide.mcu.externaltools.gnu-tools-for-stm32.14.3.rel1.win32_1.0.100.202602081740/tools/bin/../lib/gcc/arm-none-eabi/14.3.1/../../../../arm-none-eabi/lib/thumb/v7e-m+fp/hard\libc_nano.a(libc_a-strncmp.o)
                0x0800f090                strncmp
 .text._localeconv_r
                0x0800f0b4        0x8 C:/ST/STM32CubeIDE_2.2.0/STM32CubeIDE/plugins/com.st.stm32cube.ide.mcu.externaltools.gnu-tools-for-stm32.14.3.rel1.win32_1.0.100.202602081740/tools/bin/../lib/gcc/arm-none-eabi/14.3.1/../../../../arm-none-eabi/lib/thumb/v7e-m+fp/hard\libc_nano.a(libc_a-localeconv.o)
                0x0800f0b4                _localeconv_r
 .text._close_r
                0x0800f0bc       0x20 C:/ST/STM32CubeIDE_2.2.0/STM32CubeIDE/plugins/com.st.stm32cube.ide.mcu.externaltools.gnu-tools-for-stm32.14.3.rel1.win32_1.0.100.202602081740/tools/bin/../lib/gcc/arm-none-eabi/14.3.1/../../../../arm-none-eabi/lib/thumb/v7e-m+fp/hard\libc_nano.a(libc_a-closer.o)
                0x0800f0bc                _close_r
 .text._lseek_r
                0x0800f0dc       0x24 C:/ST/STM32CubeIDE_2.2.0/STM32CubeIDE/plugins/com.st.stm32cube.ide.mcu.externaltools.gnu-tools-for-stm32.14.3.rel1.win32_1.0.100.202602081740/tools/bin/../lib/gcc/arm-none-eabi/14.3.1/../../../../arm-none-eabi/lib/thumb/v7e-m+fp/hard\libc_nano.a(libc_a-lseekr.o)
                0x0800f0dc                _lseek_r
 .text._read_r  0x0800f100       0x24 C:/ST/STM32CubeIDE_2.2.0/STM32CubeIDE/plugins/com.st.stm32cube.ide.mcu.externaltools.gnu-tools-for-stm32.14.3.rel1.win32_1.0.100.202602081740/tools/bin/../lib/gcc/arm-none-eabi/14.3.1/../../../../arm-none-eabi/lib/thumb/v7e-m+fp/hard\libc_nano.a(libc_a-readr.o)
                0x0800f100                _read_r
 .text._write_r
                0x0800f124       0x24 C:/ST/STM32CubeIDE_2.2.0/STM32CubeIDE/plugins/com.st.stm32cube.ide.mcu.externaltools.gnu-tools-for-stm32.14.3.rel1.win32_1.0.100.202602081740/tools/bin/../lib/gcc/arm-none-eabi/14.3.1/../../../../arm-none-eabi/lib/thumb/v7e-m+fp/hard\libc_nano.a(libc_a-writer.o)
                0x0800f124                _write_r
 .text.__errno  0x0800f148        0xc C:/ST/STM32CubeIDE_2.2.0/STM32CubeIDE/plugins/com.st.stm32cube.ide.mcu.externaltools.gnu-tools-for-stm32.14.3.rel1.win32_1.0.100.202602081740/tools/bin/../lib/gcc/arm-none-eabi/14.3.1/../../../../arm-none-eabi/lib/thumb/v7e-m+fp/hard\libc_nano.a(libc_a-errno.o)
                0x0800f148                __errno
 .text.__libc_init_array
                0x0800f154       0x48 C:/ST/STM32CubeIDE_2.2.0/STM32CubeIDE/plugins/com.st.stm32cube.ide.mcu.externaltools.gnu-tools-for-stm32.14.3.rel1.win32_1.0.100.202602081740/tools/bin/../lib/gcc/arm-none-eabi/14.3.1/../../../../arm-none-eabi/lib/thumb/v7e-m+fp/hard\libc_nano.a(libc_a-init.o)
                0x0800f154                __libc_init_array
 .text.__retarget_lock_init_recursive
                0x0800f19c        0x2 C:/ST/STM32CubeIDE_2.2.0/STM32CubeIDE/plugins/com.st.stm32cube.ide.mcu.externaltools.gnu-tools-for-stm32.14.3.rel1.win32_1.0.100.202602081740/tools/bin/../lib/gcc/arm-none-eabi/14.3.1/../../../../arm-none-eabi/lib/thumb/v7e-m+fp/hard\libc_nano.a(libc_a-lock.o)
                0x0800f19c                __retarget_lock_init_recursive
 .text.__retarget_lock_acquire_recursive
                0x0800f19e        0x2 C:/ST/STM32CubeIDE_2.2.0/STM32CubeIDE/plugins/com.st.stm32cube.ide.mcu.externaltools.gnu-tools-for-stm32.14.3.rel1.win32_1.0.100.202602081740/tools/bin/../lib/gcc/arm-none-eabi/14.3.1/../../../../arm-none-eabi/lib/thumb/v7e-m+fp/hard\libc_nano.a(libc_a-lock.o)
                0x0800f19e                __retarget_lock_acquire_recursive
 .text.__retarget_lock_release_recursive
                0x0800f1a0        0x2 C:/ST/STM32CubeIDE_2.2.0/STM32CubeIDE/plugins/com.st.stm32cube.ide.mcu.externaltools.gnu-tools-for-stm32.14.3.rel1.win32_1.0.100.202602081740/tools/bin/../lib/gcc/arm-none-eabi/14.3.1/../../../../arm-none-eabi/lib/thumb/v7e-m+fp/hard\libc_nano.a(libc_a-lock.o)
                0x0800f1a0                __retarget_lock_release_recursive
 .text.memcpy   0x0800f1a2       0x1c C:/ST/STM32CubeIDE_2.2.0/STM32CubeIDE/plugins/com.st.stm32cube.ide.mcu.externaltools.gnu-tools-for-stm32.14.3.rel1.win32_1.0.100.202602081740/tools/bin/../lib/gcc/arm-none-eabi/14.3.1/../../../../arm-none-eabi/lib/thumb/v7e-m+fp/hard\libc_nano.a(libc_a-memcpy-stub.o)
                0x0800f1a2                memcpy
 .text.quorem   0x0800f1be      0x110 C:/ST/STM32CubeIDE_2.2.0/STM32CubeIDE/plugins/com.st.stm32cube.ide.mcu.externaltools.gnu-tools-for-stm32.14.3.rel1.win32_1.0.100.202602081740/tools/bin/../lib/gcc/arm-none-eabi/14.3.1/../../../../arm-none-eabi/lib/thumb/v7e-m+fp/hard\libc_nano.a(libc_a-dtoa.o)
 *fill*         0x0800f2ce        0x2 
 .text._dtoa_r  0x0800f2d0      0xbb8 C:/ST/STM32CubeIDE_2.2.0/STM32CubeIDE/plugins/com.st.stm32cube.ide.mcu.externaltools.gnu-tools-for-stm32.14.3.rel1.win32_1.0.100.202602081740/tools/bin/../lib/gcc/arm-none-eabi/14.3.1/../../../../arm-none-eabi/lib/thumb/v7e-m+fp/hard\libc_nano.a(libc_a-dtoa.o)
                0x0800f2d0                _dtoa_r
 .text._free_r  0x0800fe88       0x94 C:/ST/STM32CubeIDE_2.2.0/STM32CubeIDE/plugins/com.st.stm32cube.ide.mcu.externaltools.gnu-tools-for-stm32.14.3.rel1.win32_1.0.100.202602081740/tools/bin/../lib/gcc/arm-none-eabi/14.3.1/../../../../arm-none-eabi/lib/thumb/v7e-m+fp/hard\libc_nano.a(libc_a-freer.o)
                0x0800fe88                _free_r
 .text.malloc   0x0800ff1c       0x10 C:/ST/STM32CubeIDE_2.2.0/STM32CubeIDE/plugins/com.st.stm32cube.ide.mcu.externaltools.gnu-tools-for-stm32.14.3.rel1.win32_1.0.100.202602081740/tools/bin/../lib/gcc/arm-none-eabi/14.3.1/../../../../arm-none-eabi/lib/thumb/v7e-m+fp/hard\libc_nano.a(libc_a-malloc.o)
                0x0800ff1c                malloc
 .text.sbrk_aligned
                0x0800ff2c       0x44 C:/ST/STM32CubeIDE_2.2.0/STM32CubeIDE/plugins/com.st.stm32cube.ide.mcu.externaltools.gnu-tools-for-stm32.14.3.rel1.win32_1.0.100.202602081740/tools/bin/../lib/gcc/arm-none-eabi/14.3.1/../../../../arm-none-eabi/lib/thumb/v7e-m+fp/hard\libc_nano.a(libc_a-mallocr.o)
 .text._malloc_r
                0x0800ff70      0x100 C:/ST/STM32CubeIDE_2.2.0/STM32CubeIDE/plugins/com.st.stm32cube.ide.mcu.externaltools.gnu-tools-for-stm32.14.3.rel1.win32_1.0.100.202602081740/tools/bin/../lib/gcc/arm-none-eabi/14.3.1/../../../../arm-none-eabi/lib/thumb/v7e-m+fp/hard\libc_nano.a(libc_a-mallocr.o)
                0x0800ff70                _malloc_r
 .text.__malloc_lock
                0x08010070        0xc C:/ST/STM32CubeIDE_2.2.0/STM32CubeIDE/plugins/com.st.stm32cube.ide.mcu.externaltools.gnu-tools-for-stm32.14.3.rel1.win32_1.0.100.202602081740/tools/bin/../lib/gcc/arm-none-eabi/14.3.1/../../../../arm-none-eabi/lib/thumb/v7e-m+fp/hard\libc_nano.a(libc_a-mlock.o)
                0x08010070                __malloc_lock
 .text.__malloc_unlock
                0x0801007c        0xc C:/ST/STM32CubeIDE_2.2.0/STM32CubeIDE/plugins/com.st.stm32cube.ide.mcu.externaltools.gnu-tools-for-stm32.14.3.rel1.win32_1.0.100.202602081740/tools/bin/../lib/gcc/arm-none-eabi/14.3.1/../../../../arm-none-eabi/lib/thumb/v7e-m+fp/hard\libc_nano.a(libc_a-mlock.o)
                0x0801007c                __malloc_unlock
 .text._Balloc  0x08010088       0x7c C:/ST/STM32CubeIDE_2.2.0/STM32CubeIDE/plugins/com.st.stm32cube.ide.mcu.externaltools.gnu-tools-for-stm32.14.3.rel1.win32_1.0.100.202602081740/tools/bin/../lib/gcc/arm-none-eabi/14.3.1/../../../../arm-none-eabi/lib/thumb/v7e-m+fp/hard\libc_nano.a(libc_a-mprec.o)
                0x08010088                _Balloc
 .text._Bfree   0x08010104       0x44 C:/ST/STM32CubeIDE_2.2.0/STM32CubeIDE/plugins/com.st.stm32cube.ide.mcu.externaltools.gnu-tools-for-stm32.14.3.rel1.win32_1.0.100.202602081740/tools/bin/../lib/gcc/arm-none-eabi/14.3.1/../../../../arm-none-eabi/lib/thumb/v7e-m+fp/hard\libc_nano.a(libc_a-mprec.o)
                0x08010104                _Bfree
 .text.__multadd
                0x08010148       0x8c C:/ST/STM32CubeIDE_2.2.0/STM32CubeIDE/plugins/com.st.stm32cube.ide.mcu.externaltools.gnu-tools-for-stm32.14.3.rel1.win32_1.0.100.202602081740/tools/bin/../lib/gcc/arm-none-eabi/14.3.1/../../../../arm-none-eabi/lib/thumb/v7e-m+fp/hard\libc_nano.a(libc_a-mprec.o)
                0x08010148                __multadd
 .text.__hi0bits
                0x080101d4       0x3e C:/ST/STM32CubeIDE_2.2.0/STM32CubeIDE/plugins/com.st.stm32cube.ide.mcu.externaltools.gnu-tools-for-stm32.14.3.rel1.win32_1.0.100.202602081740/tools/bin/../lib/gcc/arm-none-eabi/14.3.1/../../../../arm-none-eabi/lib/thumb/v7e-m+fp/hard\libc_nano.a(libc_a-mprec.o)
                0x080101d4                __hi0bits
 .text.__lo0bits
                0x08010212       0x5a C:/ST/STM32CubeIDE_2.2.0/STM32CubeIDE/plugins/com.st.stm32cube.ide.mcu.externaltools.gnu-tools-for-stm32.14.3.rel1.win32_1.0.100.202602081740/tools/bin/../lib/gcc/arm-none-eabi/14.3.1/../../../../arm-none-eabi/lib/thumb/v7e-m+fp/hard\libc_nano.a(libc_a-mprec.o)
                0x08010212                __lo0bits
 .text.__i2b    0x0801026c       0x2c C:/ST/STM32CubeIDE_2.2.0/STM32CubeIDE/plugins/com.st.stm32cube.ide.mcu.externaltools.gnu-tools-for-stm32.14.3.rel1.win32_1.0.100.202602081740/tools/bin/../lib/gcc/arm-none-eabi/14.3.1/../../../../arm-none-eabi/lib/thumb/v7e-m+fp/hard\libc_nano.a(libc_a-mprec.o)
                0x0801026c                __i2b
 .text.__multiply
                0x08010298      0x154 C:/ST/STM32CubeIDE_2.2.0/STM32CubeIDE/plugins/com.st.stm32cube.ide.mcu.externaltools.gnu-tools-for-stm32.14.3.rel1.win32_1.0.100.202602081740/tools/bin/../lib/gcc/arm-none-eabi/14.3.1/../../../../arm-none-eabi/lib/thumb/v7e-m+fp/hard\libc_nano.a(libc_a-mprec.o)
                0x08010298                __multiply
 .text.__pow5mult
                0x080103ec       0xb8 C:/ST/STM32CubeIDE_2.2.0/STM32CubeIDE/plugins/com.st.stm32cube.ide.mcu.externaltools.gnu-tools-for-stm32.14.3.rel1.win32_1.0.100.202602081740/tools/bin/../lib/gcc/arm-none-eabi/14.3.1/../../../../arm-none-eabi/lib/thumb/v7e-m+fp/hard\libc_nano.a(libc_a-mprec.o)
                0x080103ec                __pow5mult
 .text.__lshift
                0x080104a4       0xdc C:/ST/STM32CubeIDE_2.2.0/STM32CubeIDE/plugins/com.st.stm32cube.ide.mcu.externaltools.gnu-tools-for-stm32.14.3.rel1.win32_1.0.100.202602081740/tools/bin/../lib/gcc/arm-none-eabi/14.3.1/../../../../arm-none-eabi/lib/thumb/v7e-m+fp/hard\libc_nano.a(libc_a-mprec.o)
                0x080104a4                __lshift
 .text.__mcmp   0x08010580       0x36 C:/ST/STM32CubeIDE_2.2.0/STM32CubeIDE/plugins/com.st.stm32cube.ide.mcu.externaltools.gnu-tools-for-stm32.14.3.rel1.win32_1.0.100.202602081740/tools/bin/../lib/gcc/arm-none-eabi/14.3.1/../../../../arm-none-eabi/lib/thumb/v7e-m+fp/hard\libc_nano.a(libc_a-mprec.o)
                0x08010580                __mcmp
 *fill*         0x080105b6        0x2 
 .text.__mdiff  0x080105b8      0x130 C:/ST/STM32CubeIDE_2.2.0/STM32CubeIDE/plugins/com.st.stm32cube.ide.mcu.externaltools.gnu-tools-for-stm32.14.3.rel1.win32_1.0.100.202602081740/tools/bin/../lib/gcc/arm-none-eabi/14.3.1/../../../../arm-none-eabi/lib/thumb/v7e-m+fp/hard\libc_nano.a(libc_a-mprec.o)
                0x080105b8                __mdiff
 .text.__d2b    0x080106e8       0xb0 C:/ST/STM32CubeIDE_2.2.0/STM32CubeIDE/plugins/com.st.stm32cube.ide.mcu.externaltools.gnu-tools-for-stm32.14.3.rel1.win32_1.0.100.202602081740/tools/bin/../lib/gcc/arm-none-eabi/14.3.1/../../../../arm-none-eabi/lib/thumb/v7e-m+fp/hard\libc_nano.a(libc_a-mprec.o)
                0x080106e8                __d2b
 .text.__ssputs_r
                0x08010798       0xc0 C:/ST/STM32CubeIDE_2.2.0/STM32CubeIDE/plugins/com.st.stm32cube.ide.mcu.externaltools.gnu-tools-for-stm32.14.3.rel1.win32_1.0.100.202602081740/tools/bin/../lib/gcc/arm-none-eabi/14.3.1/../../../../arm-none-eabi/lib/thumb/v7e-m+fp/hard\libc_nano.a(libc_a-nano-svfprintf.o)
                0x08010798                __ssputs_r
 .text._svfprintf_r
                0x08010858      0x1f0 C:/ST/STM32CubeIDE_2.2.0/STM32CubeIDE/plugins/com.st.stm32cube.ide.mcu.externaltools.gnu-tools-for-stm32.14.3.rel1.win32_1.0.100.202602081740/tools/bin/../lib/gcc/arm-none-eabi/14.3.1/../../../../arm-none-eabi/lib/thumb/v7e-m+fp/hard\libc_nano.a(libc_a-nano-svfprintf.o)
                0x08010858                _svfiprintf_r
                0x08010858                _svfprintf_r
 .text.__sfputc_r
                0x08010a48       0x2e C:/ST/STM32CubeIDE_2.2.0/STM32CubeIDE/plugins/com.st.stm32cube.ide.mcu.externaltools.gnu-tools-for-stm32.14.3.rel1.win32_1.0.100.202602081740/tools/bin/../lib/gcc/arm-none-eabi/14.3.1/../../../../arm-none-eabi/lib/thumb/v7e-m+fp/hard\libc_nano.a(libc_a-nano-vfprintf.o)
 .text.__sfputs_r
                0x08010a76       0x24 C:/ST/STM32CubeIDE_2.2.0/STM32CubeIDE/plugins/com.st.stm32cube.ide.mcu.externaltools.gnu-tools-for-stm32.14.3.rel1.win32_1.0.100.202602081740/tools/bin/../lib/gcc/arm-none-eabi/14.3.1/../../../../arm-none-eabi/lib/thumb/v7e-m+fp/hard\libc_nano.a(libc_a-nano-vfprintf.o)
                0x08010a76                __sfputs_r
 *fill*         0x08010a9a        0x2 
 .text._vfprintf_r