../Core/Src/main.c:83:5:__io_putchar	1
../Core/Src/main.c:93:5:main	2
../Core/Src/main.c:204:6:SystemClock_Config	3
../Core/Src/main.c:252:13:MX_ADC1_Init	3
../Core/Src/main.c:304:13:MX_I2C1_Init	2
../Core/Src/main.c:338:13:MX_SPI2_Init	2
../Core/Src/main.c:376:13:MX_USART2_UART_Init	2
../Core/Src/main.c:409:13:MX_GPIO_Init	1
../Core/Src/main.c:438:6:HAL_UART_RxCpltCallback	1
../Core/Src/main.c:451:6:StartDefaultTask	1
../Core/Src/main.c:470:6:HAL_TIM_PeriodElapsedCallback	2
../Core/Src/main.c:488:6:Error_Handler	1
