../Drivers/FloraNet/Src/sht3x.c:15:21:SHT3x_FromHAL	16	static
../Drivers/FloraNet/Src/sht3x.c:26:13:SHT3x_IsValid	16	static
../Drivers/FloraNet/Src/sht3x.c:31:21:SHT3x_Receive	32	static
../Drivers/FloraNet/Src/sht3x.c:47:6:SHT3x_Init	24	static
../Drivers/FloraNet/Src/sht3x.c:62:14:SHT3x_Probe	16	static
../Drivers/FloraNet/Src/sht3x.c:75:14:SHT3x_SendCommand	32	static
../Drivers/FloraNet/Src/sht3x.c:94:10:SHT3x_GetMeasurementDelayMs	16	static
../Drivers/FloraNet/Src/sht3x.c:105:14:SHT3x_StartSingleShot	16	static
../Drivers/FloraNet/Src/sht3x.c:122:9:SHT3x_CalculateCRC	32	static
../Drivers/FloraNet/Src/sht3x.c:147:14:SHT3x_ReadMeasurement	24	static
../Drivers/FloraNet/Src/sht3x.c:180:14:SHT3x_ReadSingleShotBlocking	32	static
../Drivers/FloraNet/Src/sht3x.c:201:14:SHT3x_StartPeriodic	16	static
../Drivers/FloraNet/Src/sht3x.c:223:14:SHT3x_FetchPeriodic	24	static
../Drivers/FloraNet/Src/sht3x.c:235:14:SHT3x_StopPeriodic	24	static
../Drivers/FloraNet/Src/sht3x.c:245:14:SHT3x_ReadStatus	24	static
../Drivers/FloraNet/Src/sht3x.c:276:14:SHT3x_ClearStatus	16	static
../Drivers/FloraNet/Src/sht3x.c:281:14:SHT3x_SoftReset	24	static
../Drivers/FloraNet/Src/sht3x.c:291:14:SHT3x_SetHeater	16	static
