../Drivers/FloraNet/Src/w25qxx.c:20:13:CS_Low	16	static
../Drivers/FloraNet/Src/w25qxx.c:25:13:CS_High	16	static
../Drivers/FloraNet/Src/w25qxx.c:30:22:FromHAL	16	static
../Drivers/FloraNet/Src/w25qxx.c:41:13:Valid	16	static
../Drivers/FloraNet/Src/w25qxx.c:46:22:Tx	24	static
../Drivers/FloraNet/Src/w25qxx.c:52:22:Rx	24	static
../Drivers/FloraNet/Src/w25qxx.c:58:22:SimpleCommand	24	static
../Drivers/FloraNet/Src/w25qxx.c:68:13:RangeValid	24	static
../Drivers/FloraNet/Src/w25qxx.c:75:22:EraseAddress	40	static
../Drivers/FloraNet/Src/w25qxx.c:99:6:W25QXX_InitHandle	24	static
../Drivers/FloraNet/Src/w25qxx.c:116:15:W25QXX_ReadJEDECID	24	static
../Drivers/FloraNet/Src/w25qxx.c:128:15:W25QXX_Probe	24	static
../Drivers/FloraNet/Src/w25qxx.c:142:22:ReadStatus	32	static
../Drivers/FloraNet/Src/w25qxx.c:154:15:W25QXX_ReadStatus1	16	static
../Drivers/FloraNet/Src/w25qxx.c:159:15:W25QXX_ReadStatus2	16	static
../Drivers/FloraNet/Src/w25qxx.c:164:15:W25QXX_WaitReady	24	static
../Drivers/FloraNet/Src/w25qxx.c:178:15:W25QXX_WriteEnable	16	static
../Drivers/FloraNet/Src/w25qxx.c:183:15:W25QXX_WriteDisable	16	static
../Drivers/FloraNet/Src/w25qxx.c:188:15:W25QXX_Read	32	static
../Drivers/FloraNet/Src/w25qxx.c:213:15:W25QXX_Write	40	static
../Drivers/FloraNet/Src/w25qxx.c:252:15:W25QXX_EraseSector4K	16	static
../Drivers/FloraNet/Src/w25qxx.c:257:15:W25QXX_EraseBlock32K	16	static
../Drivers/FloraNet/Src/w25qxx.c:262:15:W25QXX_EraseBlock64K	16	static
../Drivers/FloraNet/Src/w25qxx.c:267:15:W25QXX_EraseChip	24	static
../Drivers/FloraNet/Src/w25qxx.c:276:15:W25QXX_PowerDown	16	static
../Drivers/FloraNet/Src/w25qxx.c:281:15:W25QXX_ReleasePowerDown	24	static
